
*** Running vivado
    with args -log multiplier2.vds -m64 -product Vivado -mode batch -messageDb vivado.pb -notrace -source multiplier2.tcl


****** Vivado v2019.1 (64-bit)
  **** SW Build 2552052 on Fri May 24 14:49:42 MDT 2019
  **** IP Build 2548770 on Fri May 24 18:01:18 MDT 2019
    ** Copyright 1986-2019 Xilinx, Inc. All Rights Reserved.

source multiplier2.tcl -notrace
Command: synth_design -top multiplier2 -part xc7k70tfbv676-1
Starting synth_design
Attempting to get a license for feature 'Synthesis' and/or device 'xc7k70t'
INFO: [Common 17-349] Got license for feature 'Synthesis' and/or device 'xc7k70t'
INFO: [Device 21-403] Loading part xc7k70tfbv676-1
INFO: Launching helper process for spawning children vivado processes
INFO: Helper process launched with PID 19308 
---------------------------------------------------------------------------------
Starting RTL Elaboration : Time (s): cpu = 00:00:02 ; elapsed = 00:00:04 . Memory (MB): peak = 694.324 ; gain = 178.113
---------------------------------------------------------------------------------
INFO: [Synth 8-6157] synthesizing module 'multiplier2' [D:/vraj/verilog/project_7/project_7.srcs/sources_1/new/design.sv:15]
INFO: [Synth 8-6157] synthesizing module 'fa' [D:/vraj/verilog/project_7/project_7.srcs/sources_1/new/design.sv:6]
INFO: [Synth 8-6157] synthesizing module 'ha' [D:/vraj/verilog/project_7/project_7.srcs/sources_1/new/design.sv:1]
INFO: [Synth 8-6155] done synthesizing module 'ha' (1#1) [D:/vraj/verilog/project_7/project_7.srcs/sources_1/new/design.sv:1]
INFO: [Synth 8-6155] done synthesizing module 'fa' (2#1) [D:/vraj/verilog/project_7/project_7.srcs/sources_1/new/design.sv:6]
WARNING: [Synth 8-6014] Unused sequential element c15_reg was removed.  [D:/vraj/verilog/project_7/project_7.srcs/sources_1/new/design.sv:370]
WARNING: [Synth 8-6014] Unused sequential element s15_reg was removed.  [D:/vraj/verilog/project_7/project_7.srcs/sources_1/new/design.sv:371]
INFO: [Synth 8-6155] done synthesizing module 'multiplier2' (3#1) [D:/vraj/verilog/project_7/project_7.srcs/sources_1/new/design.sv:15]
---------------------------------------------------------------------------------
Finished RTL Elaboration : Time (s): cpu = 00:00:03 ; elapsed = 00:00:05 . Memory (MB): peak = 758.527 ; gain = 242.316
---------------------------------------------------------------------------------

Report Check Netlist: 
+------+------------------+-------+---------+-------+------------------+
|      |Item              |Errors |Warnings |Status |Description       |
+------+------------------+-------+---------+-------+------------------+
|1     |multi_driven_nets |      0|        0|Passed |Multi driven nets |
+------+------------------+-------+---------+-------+------------------+
---------------------------------------------------------------------------------
Start Handling Custom Attributes
---------------------------------------------------------------------------------
---------------------------------------------------------------------------------
Finished Handling Custom Attributes : Time (s): cpu = 00:00:04 ; elapsed = 00:00:05 . Memory (MB): peak = 758.527 ; gain = 242.316
---------------------------------------------------------------------------------
---------------------------------------------------------------------------------
Finished RTL Optimization Phase 1 : Time (s): cpu = 00:00:04 ; elapsed = 00:00:05 . Memory (MB): peak = 758.527 ; gain = 242.316
---------------------------------------------------------------------------------
INFO: [Project 1-570] Preparing netlist for logic optimization

Processing XDC Constraints
Initializing timing engine
Parsing XDC File [D:/vraj/verilog/project_7/project_7.srcs/constrs_1/new/constraints.xdc]
Finished Parsing XDC File [D:/vraj/verilog/project_7/project_7.srcs/constrs_1/new/constraints.xdc]
Completed Processing XDC Constraints

Netlist sorting complete. Time (s): cpu = 00:00:00 ; elapsed = 00:00:00.002 . Memory (MB): peak = 880.398 ; gain = 0.000
INFO: [Project 1-111] Unisim Transformation Summary:
No Unisim elements were transformed.

Constraint Validation Runtime : Time (s): cpu = 00:00:00 ; elapsed = 00:00:00.051 . Memory (MB): peak = 880.398 ; gain = 0.000
---------------------------------------------------------------------------------
Finished Constraint Validation : Time (s): cpu = 00:00:09 ; elapsed = 00:00:12 . Memory (MB): peak = 880.398 ; gain = 364.188
---------------------------------------------------------------------------------
---------------------------------------------------------------------------------
Start Loading Part and Timing Information
---------------------------------------------------------------------------------
Loading part: xc7k70tfbv676-1
---------------------------------------------------------------------------------
Finished Loading Part and Timing Information : Time (s): cpu = 00:00:09 ; elapsed = 00:00:12 . Memory (MB): peak = 880.398 ; gain = 364.188
---------------------------------------------------------------------------------
---------------------------------------------------------------------------------
Start Applying 'set_property' XDC Constraints
---------------------------------------------------------------------------------
---------------------------------------------------------------------------------
Finished applying 'set_property' XDC Constraints : Time (s): cpu = 00:00:09 ; elapsed = 00:00:12 . Memory (MB): peak = 880.398 ; gain = 364.188
---------------------------------------------------------------------------------
---------------------------------------------------------------------------------
Finished RTL Optimization Phase 2 : Time (s): cpu = 00:00:09 ; elapsed = 00:00:13 . Memory (MB): peak = 880.398 ; gain = 364.188
---------------------------------------------------------------------------------

Report RTL Partitions: 
+-+--------------+------------+----------+
| |RTL Partition |Replication |Instances |
+-+--------------+------------+----------+
+-+--------------+------------+----------+
---------------------------------------------------------------------------------
Start RTL Component Statistics 
---------------------------------------------------------------------------------
Detailed RTL Component Info : 
+---XORs : 
	   2 Input      1 Bit         XORs := 464   
+---Registers : 
	               16 Bit    Registers := 28    
---------------------------------------------------------------------------------
Finished RTL Component Statistics 
---------------------------------------------------------------------------------
---------------------------------------------------------------------------------
Start RTL Hierarchical Component Statistics 
---------------------------------------------------------------------------------
Hierarchical RTL Component report 
Module multiplier2 
Detailed RTL Component Info : 
+---Registers : 
	               16 Bit    Registers := 28    
Module ha 
Detailed RTL Component Info : 
+---XORs : 
	   2 Input      1 Bit         XORs := 1     
---------------------------------------------------------------------------------
Finished RTL Hierarchical Component Statistics
---------------------------------------------------------------------------------
---------------------------------------------------------------------------------
Start Part Resource Summary
---------------------------------------------------------------------------------
Part Resources:
DSPs: 240 (col length:80)
BRAMs: 270 (col length: RAMB18 80 RAMB36 40)
---------------------------------------------------------------------------------
Finished Part Resource Summary
---------------------------------------------------------------------------------
---------------------------------------------------------------------------------
Start Cross Boundary and Area Optimization
---------------------------------------------------------------------------------
Warning: Parallel synthesis criteria is not met 
INFO: [Synth 8-3886] merging instance 's1_reg[0]' (FD) to 'z_reg[1]'
INFO: [Synth 8-3886] merging instance 's2_reg[0]' (FD) to 'z_reg[2]'
INFO: [Synth 8-3886] merging instance 's3_reg[0]' (FD) to 'z_reg[3]'
INFO: [Synth 8-3886] merging instance 'z_reg[3]' (FD) to 'z_reg[4]'
INFO: [Synth 8-3886] merging instance 's5_reg[0]' (FD) to 'z_reg[5]'
INFO: [Synth 8-3886] merging instance 's6_reg[0]' (FD) to 'z_reg[6]'
INFO: [Synth 8-3886] merging instance 's7_reg[0]' (FD) to 'z_reg[7]'
INFO: [Synth 8-3886] merging instance 's8_reg[0]' (FD) to 'z_reg[8]'
INFO: [Synth 8-3886] merging instance 's9_reg[0]' (FD) to 'z_reg[9]'
INFO: [Synth 8-3886] merging instance 's10_reg[0]' (FD) to 'z_reg[10]'
INFO: [Synth 8-3886] merging instance 's11_reg[0]' (FD) to 'z_reg[11]'
INFO: [Synth 8-3886] merging instance 's12_reg[0]' (FD) to 'z_reg[12]'
INFO: [Synth 8-3886] merging instance 's13_reg[0]' (FD) to 'z_reg[13]'
INFO: [Synth 8-3886] merging instance 's14_reg[0]' (FD) to 'z_reg[14]'
---------------------------------------------------------------------------------
Finished Cross Boundary and Area Optimization : Time (s): cpu = 00:00:15 ; elapsed = 00:00:20 . Memory (MB): peak = 880.398 ; gain = 364.188
---------------------------------------------------------------------------------

Report RTL Partitions: 
+-+--------------+------------+----------+
| |RTL Partition |Replication |Instances |
+-+--------------+------------+----------+
+-+--------------+------------+----------+
---------------------------------------------------------------------------------
Start Applying XDC Timing Constraints
---------------------------------------------------------------------------------
---------------------------------------------------------------------------------
Finished Applying XDC Timing Constraints : Time (s): cpu = 00:00:22 ; elapsed = 00:00:28 . Memory (MB): peak = 880.398 ; gain = 364.188
---------------------------------------------------------------------------------
---------------------------------------------------------------------------------
Start Timing Optimization
---------------------------------------------------------------------------------
---------------------------------------------------------------------------------
Finished Timing Optimization : Time (s): cpu = 00:00:22 ; elapsed = 00:00:29 . Memory (MB): peak = 880.398 ; gain = 364.188
---------------------------------------------------------------------------------

Report RTL Partitions: 
+-+--------------+------------+----------+
| |RTL Partition |Replication |Instances |
+-+--------------+------------+----------+
+-+--------------+------------+----------+
---------------------------------------------------------------------------------
Start Technology Mapping
---------------------------------------------------------------------------------
---------------------------------------------------------------------------------
Finished Technology Mapping : Time (s): cpu = 00:00:22 ; elapsed = 00:00:29 . Memory (MB): peak = 880.398 ; gain = 364.188
---------------------------------------------------------------------------------

Report RTL Partitions: 
+-+--------------+------------+----------+
| |RTL Partition |Replication |Instances |
+-+--------------+------------+----------+
+-+--------------+------------+----------+
---------------------------------------------------------------------------------
Start IO Insertion
---------------------------------------------------------------------------------
---------------------------------------------------------------------------------
Start Flattening Before IO Insertion
---------------------------------------------------------------------------------
---------------------------------------------------------------------------------
Finished Flattening Before IO Insertion
---------------------------------------------------------------------------------
---------------------------------------------------------------------------------
Start Final Netlist Cleanup
---------------------------------------------------------------------------------
---------------------------------------------------------------------------------
Finished Final Netlist Cleanup
---------------------------------------------------------------------------------
---------------------------------------------------------------------------------
Finished IO Insertion : Time (s): cpu = 00:00:24 ; elapsed = 00:00:31 . Memory (MB): peak = 892.816 ; gain = 376.605
---------------------------------------------------------------------------------

Report Check Netlist: 
+------+------------------+-------+---------+-------+------------------+
|      |Item              |Errors |Warnings |Status |Description       |
+------+------------------+-------+---------+-------+------------------+
|1     |multi_driven_nets |      0|        0|Passed |Multi driven nets |
+------+------------------+-------+---------+-------+------------------+
---------------------------------------------------------------------------------
Start Renaming Generated Instances
---------------------------------------------------------------------------------
---------------------------------------------------------------------------------
Finished Renaming Generated Instances : Time (s): cpu = 00:00:24 ; elapsed = 00:00:31 . Memory (MB): peak = 892.816 ; gain = 376.605
---------------------------------------------------------------------------------

Report RTL Partitions: 
+-+--------------+------------+----------+
| |RTL Partition |Replication |Instances |
+-+--------------+------------+----------+
+-+--------------+------------+----------+
---------------------------------------------------------------------------------
Start Rebuilding User Hierarchy
---------------------------------------------------------------------------------
---------------------------------------------------------------------------------
Finished Rebuilding User Hierarchy : Time (s): cpu = 00:00:24 ; elapsed = 00:00:31 . Memory (MB): peak = 892.816 ; gain = 376.605
---------------------------------------------------------------------------------
---------------------------------------------------------------------------------
Start Renaming Generated Ports
---------------------------------------------------------------------------------
---------------------------------------------------------------------------------
Finished Renaming Generated Ports : Time (s): cpu = 00:00:24 ; elapsed = 00:00:31 . Memory (MB): peak = 892.816 ; gain = 376.605
---------------------------------------------------------------------------------
---------------------------------------------------------------------------------
Start Handling Custom Attributes
---------------------------------------------------------------------------------
---------------------------------------------------------------------------------
Finished Handling Custom Attributes : Time (s): cpu = 00:00:24 ; elapsed = 00:00:31 . Memory (MB): peak = 892.816 ; gain = 376.605
---------------------------------------------------------------------------------
---------------------------------------------------------------------------------
Start Renaming Generated Nets
---------------------------------------------------------------------------------
---------------------------------------------------------------------------------
Finished Renaming Generated Nets : Time (s): cpu = 00:00:24 ; elapsed = 00:00:31 . Memory (MB): peak = 892.816 ; gain = 376.605
---------------------------------------------------------------------------------
---------------------------------------------------------------------------------
Start Writing Synthesis Report
---------------------------------------------------------------------------------

Report BlackBoxes: 
+-+--------------+----------+
| |BlackBox name |Instances |
+-+--------------+----------+
+-+--------------+----------+

Report Cell Usage: 
+------+-----+------+
|      |Cell |Count |
+------+-----+------+
|1     |BUFG |     1|
|2     |LUT2 |   109|
|3     |LUT3 |    68|
|4     |LUT4 |    85|
|5     |LUT5 |    34|
|6     |LUT6 |   306|
|7     |FDRE |   253|
|8     |IBUF |    33|
|9     |OBUF |    32|
+------+-----+------+

Report Instance Areas: 
+------+---------+-------+------+
|      |Instance |Module |Cells |
+------+---------+-------+------+
|1     |top      |       |   921|
+------+---------+-------+------+
---------------------------------------------------------------------------------
Finished Writing Synthesis Report : Time (s): cpu = 00:00:24 ; elapsed = 00:00:31 . Memory (MB): peak = 892.816 ; gain = 376.605
---------------------------------------------------------------------------------
Synthesis finished with 0 errors, 0 critical warnings and 0 warnings.
Synthesis Optimization Runtime : Time (s): cpu = 00:00:18 ; elapsed = 00:00:28 . Memory (MB): peak = 892.816 ; gain = 254.734
Synthesis Optimization Complete : Time (s): cpu = 00:00:24 ; elapsed = 00:00:31 . Memory (MB): peak = 892.816 ; gain = 376.605
INFO: [Project 1-571] Translating synthesized netlist
INFO: [Project 1-570] Preparing netlist for logic optimization
INFO: [Opt 31-138] Pushed 0 inverter(s) to 0 load pin(s).
Netlist sorting complete. Time (s): cpu = 00:00:00 ; elapsed = 00:00:00 . Memory (MB): peak = 892.816 ; gain = 0.000
INFO: [Project 1-111] Unisim Transformation Summary:
No Unisim elements were transformed.

INFO: [Common 17-83] Releasing license: Synthesis
29 Infos, 2 Warnings, 0 Critical Warnings and 0 Errors encountered.
synth_design completed successfully
synth_design: Time (s): cpu = 00:00:29 ; elapsed = 00:00:38 . Memory (MB): peak = 892.816 ; gain = 602.652
Netlist sorting complete. Time (s): cpu = 00:00:00 ; elapsed = 00:00:00 . Memory (MB): peak = 892.816 ; gain = 0.000
WARNING: [Constraints 18-5210] No constraints selected for write.
Resolution: This message can indicate that there are no constraints for the design, or it can indicate that the used_in flags are set such that the constraints are ignored. This later case is used when running synth_design to not write synthesis constraints to the resulting checkpoint. Instead, project constraints are read when the synthesized design is opened.
INFO: [Common 17-1381] The checkpoint 'D:/vraj/verilog/project_7/project_7.runs/synth_1/multiplier2.dcp' has been generated.
INFO: [runtcl-4] Executing : report_utilization -file multiplier2_utilization_synth.rpt -pb multiplier2_utilization_synth.pb
INFO: [Common 17-206] Exiting Vivado at Tue Aug 12 16:48:47 2025...
