Copyright 1986-2019 Xilinx, Inc. All Rights Reserved.
--------------------------------------------------------------------------------------------------------------------------------------------------------------------------------------------------------
| Tool Version : Vivado v.2019.1 (win64) Build 2552052 Fri May 24 14:49:42 MDT 2019
| Date         : Tue Aug 12 16:53:30 2025
| Host         : DESKTOP-R0M00VT running 64-bit major release  (build 9200)
| Command      : report_timing_summary -max_paths 10 -file multiplier2_timing_summary_routed.rpt -pb multiplier2_timing_summary_routed.pb -rpx multiplier2_timing_summary_routed.rpx -warn_on_violation
| Design       : multiplier2
| Device       : 7k70t-fbv676
| Speed File   : -1  PRODUCTION 1.12 2017-02-17
--------------------------------------------------------------------------------------------------------------------------------------------------------------------------------------------------------

Timing Summary Report

------------------------------------------------------------------------------------------------
| Timer Settings
| --------------
------------------------------------------------------------------------------------------------

  Enable Multi Corner Analysis               :  Yes
  Enable Pessimism Removal                   :  Yes
  Pessimism Removal Resolution               :  Nearest Common Node
  Enable Input Delay Default Clock           :  No
  Enable Preset / Clear Arcs                 :  No
  Disable Flight Delays                      :  No
  Ignore I/O Paths                           :  No
  Timing Early Launch at Borrowing Latches   :  No
  Borrow Time for Max Delay Exceptions       :  Yes

  Corner  Analyze    Analyze    
  Name    Max Paths  Min Paths  
  ------  ---------  ---------  
  Slow    Yes        Yes        
  Fast    Yes        Yes        



check_timing report

Table of Contents
-----------------
1. checking no_clock
2. checking constant_clock
3. checking pulse_width_clock
4. checking unconstrained_internal_endpoints
5. checking no_input_delay
6. checking no_output_delay
7. checking multiple_clock
8. checking generated_clocks
9. checking loops
10. checking partial_input_delay
11. checking partial_output_delay
12. checking latch_loops

1. checking no_clock
--------------------
 There are 0 register/latch pins with no clock.


2. checking constant_clock
--------------------------
 There are 0 register/latch pins with constant_clock.


3. checking pulse_width_clock
-----------------------------
 There are 0 register/latch pins which need pulse_width check


4. checking unconstrained_internal_endpoints
--------------------------------------------
 There are 0 pins that are not constrained for maximum delay.

 There are 0 pins that are not constrained for maximum delay due to constant clock.


5. checking no_input_delay
--------------------------
 There are 32 input ports with no input delay specified. (HIGH)

 There are 0 input ports with no input delay but user has a false path constraint.


6. checking no_output_delay
---------------------------
 There are 31 ports with no output delay specified. (HIGH)

 There are 0 ports with no output delay but user has a false path constraint

 There are 0 ports with no output delay but with a timing clock defined on it or propagating through it


7. checking multiple_clock
--------------------------
 There are 0 register/latch pins with multiple clocks.


8. checking generated_clocks
----------------------------
 There are 0 generated clocks that are not connected to a clock source.


9. checking loops
-----------------
 There are 0 combinational loops in the design.


10. checking partial_input_delay
--------------------------------
 There are 0 input ports with partial input delay specified.


11. checking partial_output_delay
---------------------------------
 There are 0 ports with partial output delay specified.


12. checking latch_loops
------------------------
 There are 0 combinational latch loops in the design through latch input



------------------------------------------------------------------------------------------------
| Design Timing Summary
| ---------------------
------------------------------------------------------------------------------------------------

    WNS(ns)      TNS(ns)  TNS Failing Endpoints  TNS Total Endpoints      WHS(ns)      THS(ns)  THS Failing Endpoints  THS Total Endpoints     WPWS(ns)     TPWS(ns)  TPWS Failing Endpoints  TPWS Total Endpoints  
    -------      -------  ---------------------  -------------------      -------      -------  ---------------------  -------------------     --------     --------  ----------------------  --------------------  
      5.608        0.000                      0                  237        0.124        0.000                      0                  237        4.600        0.000                       0                   255  


All user specified timing constraints are met.


------------------------------------------------------------------------------------------------
| Clock Summary
| -------------
------------------------------------------------------------------------------------------------

Clock  Waveform(ns)       Period(ns)      Frequency(MHz)
-----  ------------       ----------      --------------
clk    {0.000 5.000}      10.000          100.000         


------------------------------------------------------------------------------------------------
| Intra Clock Table
| -----------------
------------------------------------------------------------------------------------------------

Clock             WNS(ns)      TNS(ns)  TNS Failing Endpoints  TNS Total Endpoints      WHS(ns)      THS(ns)  THS Failing Endpoints  THS Total Endpoints     WPWS(ns)     TPWS(ns)  TPWS Failing Endpoints  TPWS Total Endpoints  
-----             -------      -------  ---------------------  -------------------      -------      -------  ---------------------  -------------------     --------     --------  ----------------------  --------------------  
clk                 5.608        0.000                      0                  237        0.124        0.000                      0                  237        4.600        0.000                       0                   255  


------------------------------------------------------------------------------------------------
| Inter Clock Table
| -----------------
------------------------------------------------------------------------------------------------

From Clock    To Clock          WNS(ns)      TNS(ns)  TNS Failing Endpoints  TNS Total Endpoints      WHS(ns)      THS(ns)  THS Failing Endpoints  THS Total Endpoints  
----------    --------          -------      -------  ---------------------  -------------------      -------      -------  ---------------------  -------------------  


------------------------------------------------------------------------------------------------
| Other Path Groups Table
| -----------------------
------------------------------------------------------------------------------------------------

Path Group    From Clock    To Clock          WNS(ns)      TNS(ns)  TNS Failing Endpoints  TNS Total Endpoints      WHS(ns)      THS(ns)  THS Failing Endpoints  THS Total Endpoints  
----------    ----------    --------          -------      -------  ---------------------  -------------------      -------      -------  ---------------------  -------------------  


------------------------------------------------------------------------------------------------
| Timing Details
| --------------
------------------------------------------------------------------------------------------------


---------------------------------------------------------------------------------------------------
From Clock:  clk
  To Clock:  clk

Setup :            0  Failing Endpoints,  Worst Slack        5.608ns,  Total Violation        0.000ns
Hold  :            0  Failing Endpoints,  Worst Slack        0.124ns,  Total Violation        0.000ns
PW    :            0  Failing Endpoints,  Worst Slack        4.600ns,  Total Violation        0.000ns
---------------------------------------------------------------------------------------------------


Max Delay Paths
--------------------------------------------------------------------------------------
Slack (MET) :             5.608ns  (required time - arrival time)
  Source:                 s6_reg[1]/C
                            (rising edge-triggered cell FDRE clocked by clk  {rise@0.000ns fall@5.000ns period=10.000ns})
  Destination:            s7_reg[13]/D
                            (rising edge-triggered cell FDRE clocked by clk  {rise@0.000ns fall@5.000ns period=10.000ns})
  Path Group:             clk
  Path Type:              Setup (Max at Slow Process Corner)
  Requirement:            10.000ns  (clk rise@10.000ns - clk rise@0.000ns)
  Data Path Delay:        4.156ns  (logic 0.777ns (18.696%)  route 3.379ns (81.304%))
  Logic Levels:           7  (LUT4=1 LUT5=1 LUT6=5)
  Clock Path Skew:        -0.087ns (DCD - SCD + CPR)
    Destination Clock Delay (DCD):    4.401ns = ( 14.401 - 10.000 ) 
    Source Clock Delay      (SCD):    4.755ns
    Clock Pessimism Removal (CPR):    0.267ns
  Clock Uncertainty:      0.035ns  ((TSJ^2 + TIJ^2)^1/2 + DJ) / 2 + PE
    Total System Jitter     (TSJ):    0.071ns
    Total Input Jitter      (TIJ):    0.000ns
    Discrete Jitter          (DJ):    0.000ns
    Phase Error              (PE):    0.000ns

    Location             Delay type                Incr(ns)  Path(ns)    Netlist Resource(s)
  -------------------------------------------------------------------    -------------------
                         (clock clk rise edge)        0.000     0.000 r  
    P23                                               0.000     0.000 r  clk (IN)
                         net (fo=0)                   0.000     0.000    clk
    P23                  IBUF (Prop_ibuf_I_O)         0.845     0.845 r  clk_IBUF_inst/O
                         net (fo=1, routed)           2.140     2.985    clk_IBUF
    BUFGCTRL_X0Y0        BUFG (Prop_bufg_I_O)         0.120     3.105 r  clk_IBUF_BUFG_inst/O
                         net (fo=254, routed)         1.650     4.755    clk_IBUF_BUFG
    SLICE_X5Y36          FDRE                                         r  s6_reg[1]/C
  -------------------------------------------------------------------    -------------------
    SLICE_X5Y36          FDRE (Prop_fdre_C_Q)         0.269     5.024 r  s6_reg[1]/Q
                         net (fo=3, routed)           0.799     5.823    s6[1]
    SLICE_X9Y37          LUT5 (Prop_lut5_I0_O)        0.063     5.886 r  s7[3]_i_2/O
                         net (fo=4, routed)           0.304     6.190    s7[3]_i_2_n_0
    SLICE_X9Y37          LUT6 (Prop_lut6_I5_O)        0.165     6.355 r  s7[12]_i_6/O
                         net (fo=1, routed)           0.314     6.669    seventh_stage[4].f7/C2
    SLICE_X8Y36          LUT6 (Prop_lut6_I1_O)        0.053     6.722 r  s7[12]_i_4/O
                         net (fo=2, routed)           0.353     7.075    s7[12]_i_4_n_0
    SLICE_X10Y35         LUT6 (Prop_lut6_I0_O)        0.053     7.128 r  s7[12]_i_3/O
                         net (fo=1, routed)           0.236     7.363    s7[12]_i_3_n_0
    SLICE_X10Y34         LUT6 (Prop_lut6_I0_O)        0.053     7.416 r  s7[12]_i_2/O
                         net (fo=2, routed)           0.341     7.757    s7[12]_i_2_n_0
    SLICE_X10Y34         LUT6 (Prop_lut6_I0_O)        0.053     7.810 r  s7[14]_i_2/O
                         net (fo=2, routed)           0.679     8.489    s7[14]_i_2_n_0
    SLICE_X9Y36          LUT4 (Prop_lut4_I0_O)        0.068     8.557 r  s7[13]_i_1/O
                         net (fo=1, routed)           0.354     8.911    s7[13]_i_1_n_0
    SLICE_X10Y36         FDRE                                         r  s7_reg[13]/D
  -------------------------------------------------------------------    -------------------

                         (clock clk rise edge)       10.000    10.000 r  
    P23                                               0.000    10.000 r  clk (IN)
                         net (fo=0)                   0.000    10.000    clk
    P23                  IBUF (Prop_ibuf_I_O)         0.769    10.769 r  clk_IBUF_inst/O
                         net (fo=1, routed)           2.040    12.809    clk_IBUF
    BUFGCTRL_X0Y0        BUFG (Prop_bufg_I_O)         0.113    12.922 r  clk_IBUF_BUFG_inst/O
                         net (fo=254, routed)         1.479    14.401    clk_IBUF_BUFG
    SLICE_X10Y36         FDRE                                         r  s7_reg[13]/C
                         clock pessimism              0.267    14.668    
                         clock uncertainty           -0.035    14.633    
    SLICE_X10Y36         FDRE (Setup_fdre_C_D)       -0.114    14.519    s7_reg[13]
  -------------------------------------------------------------------
                         required time                         14.519    
                         arrival time                          -8.911    
  -------------------------------------------------------------------
                         slack                                  5.608    

Slack (MET) :             5.675ns  (required time - arrival time)
  Source:                 s4_reg[1]/C
                            (rising edge-triggered cell FDRE clocked by clk  {rise@0.000ns fall@5.000ns period=10.000ns})
  Destination:            s5_reg[13]/D
                            (rising edge-triggered cell FDRE clocked by clk  {rise@0.000ns fall@5.000ns period=10.000ns})
  Path Group:             clk
  Path Type:              Setup (Max at Slow Process Corner)
  Requirement:            10.000ns  (clk rise@10.000ns - clk rise@0.000ns)
  Data Path Delay:        4.074ns  (logic 0.817ns (20.054%)  route 3.257ns (79.946%))
  Logic Levels:           7  (LUT4=1 LUT5=1 LUT6=5)
  Clock Path Skew:        -0.091ns (DCD - SCD + CPR)
    Destination Clock Delay (DCD):    4.398ns = ( 14.398 - 10.000 ) 
    Source Clock Delay      (SCD):    4.756ns
    Clock Pessimism Removal (CPR):    0.267ns
  Clock Uncertainty:      0.035ns  ((TSJ^2 + TIJ^2)^1/2 + DJ) / 2 + PE
    Total System Jitter     (TSJ):    0.071ns
    Total Input Jitter      (TIJ):    0.000ns
    Discrete Jitter          (DJ):    0.000ns
    Phase Error              (PE):    0.000ns

    Location             Delay type                Incr(ns)  Path(ns)    Netlist Resource(s)
  -------------------------------------------------------------------    -------------------
                         (clock clk rise edge)        0.000     0.000 r  
    P23                                               0.000     0.000 r  clk (IN)
                         net (fo=0)                   0.000     0.000    clk
    P23                  IBUF (Prop_ibuf_I_O)         0.845     0.845 r  clk_IBUF_inst/O
                         net (fo=1, routed)           2.140     2.985    clk_IBUF
    BUFGCTRL_X0Y0        BUFG (Prop_bufg_I_O)         0.120     3.105 r  clk_IBUF_BUFG_inst/O
                         net (fo=254, routed)         1.651     4.756    clk_IBUF_BUFG
    SLICE_X2Y36          FDRE                                         r  s4_reg[1]/C
  -------------------------------------------------------------------    -------------------
    SLICE_X2Y36          FDRE (Prop_fdre_C_Q)         0.308     5.064 r  s4_reg[1]/Q
                         net (fo=3, routed)           0.613     5.677    s4[1]
    SLICE_X2Y36          LUT5 (Prop_lut5_I0_O)        0.063     5.740 r  s5[3]_i_2/O
                         net (fo=4, routed)           0.554     6.294    s5[3]_i_2_n_0
    SLICE_X6Y36          LUT6 (Prop_lut6_I5_O)        0.164     6.458 r  s5[12]_i_6/O
                         net (fo=1, routed)           0.136     6.594    fifth_stage[4].f5/C2
    SLICE_X6Y36          LUT6 (Prop_lut6_I1_O)        0.053     6.647 r  s5[12]_i_4/O
                         net (fo=2, routed)           0.235     6.882    s5[12]_i_4_n_0
    SLICE_X7Y35          LUT6 (Prop_lut6_I0_O)        0.053     6.935 r  s5[12]_i_3/O
                         net (fo=1, routed)           0.443     7.378    s5[12]_i_3_n_0
    SLICE_X6Y35          LUT6 (Prop_lut6_I0_O)        0.053     7.431 r  s5[12]_i_2/O
                         net (fo=2, routed)           0.438     7.869    s5[12]_i_2_n_0
    SLICE_X6Y34          LUT6 (Prop_lut6_I0_O)        0.053     7.922 r  s5[14]_i_2/O
                         net (fo=2, routed)           0.463     8.385    s5[14]_i_2_n_0
    SLICE_X7Y33          LUT4 (Prop_lut4_I0_O)        0.070     8.455 r  s5[13]_i_1/O
                         net (fo=1, routed)           0.375     8.830    s5[13]_i_1_n_0
    SLICE_X8Y33          FDRE                                         r  s5_reg[13]/D
  -------------------------------------------------------------------    -------------------

                         (clock clk rise edge)       10.000    10.000 r  
    P23                                               0.000    10.000 r  clk (IN)
                         net (fo=0)                   0.000    10.000    clk
    P23                  IBUF (Prop_ibuf_I_O)         0.769    10.769 r  clk_IBUF_inst/O
                         net (fo=1, routed)           2.040    12.809    clk_IBUF
    BUFGCTRL_X0Y0        BUFG (Prop_bufg_I_O)         0.113    12.922 r  clk_IBUF_BUFG_inst/O
                         net (fo=254, routed)         1.476    14.398    clk_IBUF_BUFG
    SLICE_X8Y33          FDRE                                         r  s5_reg[13]/C
                         clock pessimism              0.267    14.665    
                         clock uncertainty           -0.035    14.630    
    SLICE_X8Y33          FDRE (Setup_fdre_C_D)       -0.125    14.505    s5_reg[13]
  -------------------------------------------------------------------
                         required time                         14.505    
                         arrival time                          -8.830    
  -------------------------------------------------------------------
                         slack                                  5.675    

Slack (MET) :             5.703ns  (required time - arrival time)
  Source:                 s7_reg[1]/C
                            (rising edge-triggered cell FDRE clocked by clk  {rise@0.000ns fall@5.000ns period=10.000ns})
  Destination:            s8_reg[13]/D
                            (rising edge-triggered cell FDRE clocked by clk  {rise@0.000ns fall@5.000ns period=10.000ns})
  Path Group:             clk
  Path Type:              Setup (Max at Slow Process Corner)
  Requirement:            10.000ns  (clk rise@10.000ns - clk rise@0.000ns)
  Data Path Delay:        4.087ns  (logic 0.780ns (19.087%)  route 3.307ns (80.913%))
  Logic Levels:           7  (LUT4=1 LUT5=1 LUT6=5)
  Clock Path Skew:        -0.029ns (DCD - SCD + CPR)
    Destination Clock Delay (DCD):    4.402ns = ( 14.402 - 10.000 ) 
    Source Clock Delay      (SCD):    4.698ns
    Clock Pessimism Removal (CPR):    0.267ns
  Clock Uncertainty:      0.035ns  ((TSJ^2 + TIJ^2)^1/2 + DJ) / 2 + PE
    Total System Jitter     (TSJ):    0.071ns
    Total Input Jitter      (TIJ):    0.000ns
    Discrete Jitter          (DJ):    0.000ns
    Phase Error              (PE):    0.000ns

    Location             Delay type                Incr(ns)  Path(ns)    Netlist Resource(s)
  -------------------------------------------------------------------    -------------------
                         (clock clk rise edge)        0.000     0.000 r  
    P23                                               0.000     0.000 r  clk (IN)
                         net (fo=0)                   0.000     0.000    clk
    P23                  IBUF (Prop_ibuf_I_O)         0.845     0.845 r  clk_IBUF_inst/O
                         net (fo=1, routed)           2.140     2.985    clk_IBUF
    BUFGCTRL_X0Y0        BUFG (Prop_bufg_I_O)         0.120     3.105 r  clk_IBUF_BUFG_inst/O
                         net (fo=254, routed)         1.593     4.698    clk_IBUF_BUFG
    SLICE_X9Y37          FDRE                                         r  s7_reg[1]/C
  -------------------------------------------------------------------    -------------------
    SLICE_X9Y37          FDRE (Prop_fdre_C_Q)         0.269     4.967 r  s7_reg[1]/Q
                         net (fo=3, routed)           0.563     5.531    s7[1]
    SLICE_X11Y37         LUT5 (Prop_lut5_I0_O)        0.066     5.597 r  s8[3]_i_2/O
                         net (fo=4, routed)           0.392     5.989    s8[3]_i_2_n_0
    SLICE_X12Y36         LUT6 (Prop_lut6_I5_O)        0.165     6.154 r  s8[12]_i_6/O
                         net (fo=1, routed)           0.419     6.572    eighth_stage[4].f8/C2
    SLICE_X12Y35         LUT6 (Prop_lut6_I1_O)        0.053     6.625 r  s8[12]_i_4/O
                         net (fo=2, routed)           0.248     6.873    s8[12]_i_4_n_0
    SLICE_X12Y34         LUT6 (Prop_lut6_I0_O)        0.053     6.926 r  s8[12]_i_3/O
                         net (fo=1, routed)           0.456     7.382    s8[12]_i_3_n_0
    SLICE_X13Y34         LUT6 (Prop_lut6_I0_O)        0.053     7.435 r  s8[12]_i_2/O
                         net (fo=2, routed)           0.310     7.745    s8[12]_i_2_n_0
    SLICE_X13Y35         LUT6 (Prop_lut6_I0_O)        0.053     7.798 r  s8[14]_i_2/O
                         net (fo=2, routed)           0.674     8.472    s8[14]_i_2_n_0
    SLICE_X11Y36         LUT4 (Prop_lut4_I0_O)        0.068     8.540 r  s8[13]_i_1/O
                         net (fo=1, routed)           0.244     8.785    s8[13]_i_1_n_0
    SLICE_X11Y37         FDRE                                         r  s8_reg[13]/D
  -------------------------------------------------------------------    -------------------

                         (clock clk rise edge)       10.000    10.000 r  
    P23                                               0.000    10.000 r  clk (IN)
                         net (fo=0)                   0.000    10.000    clk
    P23                  IBUF (Prop_ibuf_I_O)         0.769    10.769 r  clk_IBUF_inst/O
                         net (fo=1, routed)           2.040    12.809    clk_IBUF
    BUFGCTRL_X0Y0        BUFG (Prop_bufg_I_O)         0.113    12.922 r  clk_IBUF_BUFG_inst/O
                         net (fo=254, routed)         1.480    14.402    clk_IBUF_BUFG
    SLICE_X11Y37         FDRE                                         r  s8_reg[13]/C
                         clock pessimism              0.267    14.669    
                         clock uncertainty           -0.035    14.634    
    SLICE_X11Y37         FDRE (Setup_fdre_C_D)       -0.146    14.488    s8_reg[13]
  -------------------------------------------------------------------
                         required time                         14.488    
                         arrival time                          -8.785    
  -------------------------------------------------------------------
                         slack                                  5.703    

Slack (MET) :             5.772ns  (required time - arrival time)
  Source:                 s11_reg[1]/C
                            (rising edge-triggered cell FDRE clocked by clk  {rise@0.000ns fall@5.000ns period=10.000ns})
  Destination:            s12_reg[13]/D
                            (rising edge-triggered cell FDRE clocked by clk  {rise@0.000ns fall@5.000ns period=10.000ns})
  Path Group:             clk
  Path Type:              Setup (Max at Slow Process Corner)
  Requirement:            10.000ns  (clk rise@10.000ns - clk rise@0.000ns)
  Data Path Delay:        4.088ns  (logic 0.771ns (18.862%)  route 3.317ns (81.138%))
  Logic Levels:           7  (LUT4=1 LUT5=1 LUT6=5)
  Clock Path Skew:        0.032ns (DCD - SCD + CPR)
    Destination Clock Delay (DCD):    4.465ns = ( 14.465 - 10.000 ) 
    Source Clock Delay      (SCD):    4.700ns
    Clock Pessimism Removal (CPR):    0.267ns
  Clock Uncertainty:      0.035ns  ((TSJ^2 + TIJ^2)^1/2 + DJ) / 2 + PE
    Total System Jitter     (TSJ):    0.071ns
    Total Input Jitter      (TIJ):    0.000ns
    Discrete Jitter          (DJ):    0.000ns
    Phase Error              (PE):    0.000ns

    Location             Delay type                Incr(ns)  Path(ns)    Netlist Resource(s)
  -------------------------------------------------------------------    -------------------
                         (clock clk rise edge)        0.000     0.000 r  
    P23                                               0.000     0.000 r  clk (IN)
                         net (fo=0)                   0.000     0.000    clk
    P23                  IBUF (Prop_ibuf_I_O)         0.845     0.845 r  clk_IBUF_inst/O
                         net (fo=1, routed)           2.140     2.985    clk_IBUF
    BUFGCTRL_X0Y0        BUFG (Prop_bufg_I_O)         0.120     3.105 r  clk_IBUF_BUFG_inst/O
                         net (fo=254, routed)         1.595     4.700    clk_IBUF_BUFG
    SLICE_X9Y40          FDRE                                         r  s11_reg[1]/C
  -------------------------------------------------------------------    -------------------
    SLICE_X9Y40          FDRE (Prop_fdre_C_Q)         0.269     4.969 r  s11_reg[1]/Q
                         net (fo=3, routed)           0.483     5.452    s11[1]
    SLICE_X7Y38          LUT5 (Prop_lut5_I0_O)        0.056     5.508 r  s12[3]_i_2/O
                         net (fo=4, routed)           0.441     5.949    s12[3]_i_2_n_0
    SLICE_X6Y39          LUT6 (Prop_lut6_I5_O)        0.170     6.119 r  s12[12]_i_6/O
                         net (fo=1, routed)           0.319     6.437    twelfth_stage[4].f12/C2
    SLICE_X6Y38          LUT6 (Prop_lut6_I1_O)        0.053     6.490 r  s12[12]_i_4/O
                         net (fo=2, routed)           0.312     6.802    s12[12]_i_4_n_0
    SLICE_X7Y40          LUT6 (Prop_lut6_I0_O)        0.053     6.855 r  s12[12]_i_3/O
                         net (fo=1, routed)           0.342     7.198    s12[12]_i_3_n_0
    SLICE_X7Y41          LUT6 (Prop_lut6_I0_O)        0.053     7.251 r  s12[12]_i_2/O
                         net (fo=2, routed)           0.453     7.704    s12[12]_i_2_n_0
    SLICE_X6Y41          LUT6 (Prop_lut6_I0_O)        0.053     7.757 r  s12[14]_i_2/O
                         net (fo=2, routed)           0.575     8.332    s12[14]_i_2_n_0
    SLICE_X5Y40          LUT4 (Prop_lut4_I0_O)        0.064     8.396 r  s12[13]_i_1/O
                         net (fo=1, routed)           0.392     8.788    s12[13]_i_1_n_0
    SLICE_X5Y41          FDRE                                         r  s12_reg[13]/D
  -------------------------------------------------------------------    -------------------

                         (clock clk rise edge)       10.000    10.000 r  
    P23                                               0.000    10.000 r  clk (IN)
                         net (fo=0)                   0.000    10.000    clk
    P23                  IBUF (Prop_ibuf_I_O)         0.769    10.769 r  clk_IBUF_inst/O
                         net (fo=1, routed)           2.040    12.809    clk_IBUF
    BUFGCTRL_X0Y0        BUFG (Prop_bufg_I_O)         0.113    12.922 r  clk_IBUF_BUFG_inst/O
                         net (fo=254, routed)         1.543    14.465    clk_IBUF_BUFG
    SLICE_X5Y41          FDRE                                         r  s12_reg[13]/C
                         clock pessimism              0.267    14.732    
                         clock uncertainty           -0.035    14.697    
    SLICE_X5Y41          FDRE (Setup_fdre_C_D)       -0.137    14.560    s12_reg[13]
  -------------------------------------------------------------------
                         required time                         14.560    
                         arrival time                          -8.788    
  -------------------------------------------------------------------
                         slack                                  5.772    

Slack (MET) :             5.801ns  (required time - arrival time)
  Source:                 s5_reg[1]/C
                            (rising edge-triggered cell FDRE clocked by clk  {rise@0.000ns fall@5.000ns period=10.000ns})
  Destination:            s6_reg[13]/D
                            (rising edge-triggered cell FDRE clocked by clk  {rise@0.000ns fall@5.000ns period=10.000ns})
  Path Group:             clk
  Path Type:              Setup (Max at Slow Process Corner)
  Requirement:            10.000ns  (clk rise@10.000ns - clk rise@0.000ns)
  Data Path Delay:        3.950ns  (logic 0.899ns (22.760%)  route 3.051ns (77.240%))
  Logic Levels:           7  (LUT4=1 LUT5=1 LUT6=5)
  Clock Path Skew:        -0.089ns (DCD - SCD + CPR)
    Destination Clock Delay (DCD):    4.400ns = ( 14.400 - 10.000 ) 
    Source Clock Delay      (SCD):    4.756ns
    Clock Pessimism Removal (CPR):    0.267ns
  Clock Uncertainty:      0.035ns  ((TSJ^2 + TIJ^2)^1/2 + DJ) / 2 + PE
    Total System Jitter     (TSJ):    0.071ns
    Total Input Jitter      (TIJ):    0.000ns
    Discrete Jitter          (DJ):    0.000ns
    Phase Error              (PE):    0.000ns

    Location             Delay type                Incr(ns)  Path(ns)    Netlist Resource(s)
  -------------------------------------------------------------------    -------------------
                         (clock clk rise edge)        0.000     0.000 r  
    P23                                               0.000     0.000 r  clk (IN)
                         net (fo=0)                   0.000     0.000    clk
    P23                  IBUF (Prop_ibuf_I_O)         0.845     0.845 r  clk_IBUF_inst/O
                         net (fo=1, routed)           2.140     2.985    clk_IBUF
    BUFGCTRL_X0Y0        BUFG (Prop_bufg_I_O)         0.120     3.105 r  clk_IBUF_BUFG_inst/O
                         net (fo=254, routed)         1.651     4.756    clk_IBUF_BUFG
    SLICE_X2Y36          FDRE                                         r  s5_reg[1]/C
  -------------------------------------------------------------------    -------------------
    SLICE_X2Y36          FDRE (Prop_fdre_C_Q)         0.282     5.038 r  s5_reg[1]/Q
                         net (fo=3, routed)           0.568     5.606    s5[1]
    SLICE_X5Y36          LUT5 (Prop_lut5_I0_O)        0.174     5.780 r  s6[3]_i_2/O
                         net (fo=4, routed)           0.387     6.168    s6[3]_i_2_n_0
    SLICE_X8Y36          LUT6 (Prop_lut6_I5_O)        0.169     6.337 r  s6[12]_i_6/O
                         net (fo=1, routed)           0.317     6.653    sixth_stage[4].f6/C2
    SLICE_X8Y35          LUT6 (Prop_lut6_I1_O)        0.053     6.706 r  s6[12]_i_4/O
                         net (fo=2, routed)           0.361     7.067    s6[12]_i_4_n_0
    SLICE_X9Y34          LUT6 (Prop_lut6_I0_O)        0.053     7.120 r  s6[12]_i_3/O
                         net (fo=1, routed)           0.447     7.566    s6[12]_i_3_n_0
    SLICE_X9Y33          LUT6 (Prop_lut6_I0_O)        0.053     7.619 r  s6[12]_i_2/O
                         net (fo=2, routed)           0.290     7.909    s6[12]_i_2_n_0
    SLICE_X8Y33          LUT6 (Prop_lut6_I0_O)        0.053     7.962 r  s6[14]_i_2/O
                         net (fo=2, routed)           0.323     8.285    s6[14]_i_2_n_0
    SLICE_X8Y34          LUT4 (Prop_lut4_I0_O)        0.062     8.347 r  s6[13]_i_1/O
                         net (fo=1, routed)           0.359     8.706    s6[13]_i_1_n_0
    SLICE_X10Y34         FDRE                                         r  s6_reg[13]/D
  -------------------------------------------------------------------    -------------------

                         (clock clk rise edge)       10.000    10.000 r  
    P23                                               0.000    10.000 r  clk (IN)
                         net (fo=0)                   0.000    10.000    clk
    P23                  IBUF (Prop_ibuf_I_O)         0.769    10.769 r  clk_IBUF_inst/O
                         net (fo=1, routed)           2.040    12.809    clk_IBUF
    BUFGCTRL_X0Y0        BUFG (Prop_bufg_I_O)         0.113    12.922 r  clk_IBUF_BUFG_inst/O
                         net (fo=254, routed)         1.478    14.400    clk_IBUF_BUFG
    SLICE_X10Y34         FDRE                                         r  s6_reg[13]/C
                         clock pessimism              0.267    14.667    
                         clock uncertainty           -0.035    14.632    
    SLICE_X10Y34         FDRE (Setup_fdre_C_D)       -0.125    14.507    s6_reg[13]
  -------------------------------------------------------------------
                         required time                         14.507    
                         arrival time                          -8.706    
  -------------------------------------------------------------------
                         slack                                  5.801    

Slack (MET) :             5.890ns  (required time - arrival time)
  Source:                 s12_reg[2]/C
                            (rising edge-triggered cell FDRE clocked by clk  {rise@0.000ns fall@5.000ns period=10.000ns})
  Destination:            s13_reg[13]/D
                            (rising edge-triggered cell FDRE clocked by clk  {rise@0.000ns fall@5.000ns period=10.000ns})
  Path Group:             clk
  Path Type:              Setup (Max at Slow Process Corner)
  Requirement:            10.000ns  (clk rise@10.000ns - clk rise@0.000ns)
  Data Path Delay:        3.888ns  (logic 0.895ns (23.022%)  route 2.993ns (76.978%))
  Logic Levels:           7  (LUT4=1 LUT5=1 LUT6=5)
  Clock Path Skew:        -0.025ns (DCD - SCD + CPR)
    Destination Clock Delay (DCD):    4.466ns = ( 14.466 - 10.000 ) 
    Source Clock Delay      (SCD):    4.758ns
    Clock Pessimism Removal (CPR):    0.267ns
  Clock Uncertainty:      0.035ns  ((TSJ^2 + TIJ^2)^1/2 + DJ) / 2 + PE
    Total System Jitter     (TSJ):    0.071ns
    Total Input Jitter      (TIJ):    0.000ns
    Discrete Jitter          (DJ):    0.000ns
    Phase Error              (PE):    0.000ns

    Location             Delay type                Incr(ns)  Path(ns)    Netlist Resource(s)
  -------------------------------------------------------------------    -------------------
                         (clock clk rise edge)        0.000     0.000 r  
    P23                                               0.000     0.000 r  clk (IN)
                         net (fo=0)                   0.000     0.000    clk
    P23                  IBUF (Prop_ibuf_I_O)         0.845     0.845 r  clk_IBUF_inst/O
                         net (fo=1, routed)           2.140     2.985    clk_IBUF
    BUFGCTRL_X0Y0        BUFG (Prop_bufg_I_O)         0.120     3.105 r  clk_IBUF_BUFG_inst/O
                         net (fo=254, routed)         1.653     4.758    clk_IBUF_BUFG
    SLICE_X6Y39          FDRE                                         r  s12_reg[2]/C
  -------------------------------------------------------------------    -------------------
    SLICE_X6Y39          FDRE (Prop_fdre_C_Q)         0.282     5.040 r  s12_reg[2]/Q
                         net (fo=2, routed)           0.557     5.597    s12[2]
    SLICE_X5Y39          LUT5 (Prop_lut5_I4_O)        0.167     5.764 r  s13[3]_i_2/O
                         net (fo=4, routed)           0.431     6.195    s13[3]_i_2_n_0
    SLICE_X4Y38          LUT6 (Prop_lut6_I5_O)        0.170     6.365 r  s13[12]_i_6/O
                         net (fo=1, routed)           0.133     6.497    thirteenth_stage[4].f13/C2
    SLICE_X4Y38          LUT6 (Prop_lut6_I1_O)        0.053     6.550 r  s13[12]_i_4/O
                         net (fo=2, routed)           0.414     6.964    s13[12]_i_4_n_0
    SLICE_X4Y39          LUT6 (Prop_lut6_I0_O)        0.053     7.017 r  s13[12]_i_3/O
                         net (fo=1, routed)           0.424     7.442    s13[12]_i_3_n_0
    SLICE_X4Y41          LUT6 (Prop_lut6_I0_O)        0.053     7.495 r  s13[12]_i_2/O
                         net (fo=2, routed)           0.213     7.708    s13[12]_i_2_n_0
    SLICE_X4Y41          LUT6 (Prop_lut6_I0_O)        0.053     7.761 r  s13[14]_i_2/O
                         net (fo=2, routed)           0.555     8.316    s13[14]_i_2_n_0
    SLICE_X4Y40          LUT4 (Prop_lut4_I0_O)        0.064     8.380 r  s13[13]_i_1/O
                         net (fo=1, routed)           0.266     8.646    s13[13]_i_1_n_0
    SLICE_X3Y41          FDRE                                         r  s13_reg[13]/D
  -------------------------------------------------------------------    -------------------

                         (clock clk rise edge)       10.000    10.000 r  
    P23                                               0.000    10.000 r  clk (IN)
                         net (fo=0)                   0.000    10.000    clk
    P23                  IBUF (Prop_ibuf_I_O)         0.769    10.769 r  clk_IBUF_inst/O
                         net (fo=1, routed)           2.040    12.809    clk_IBUF
    BUFGCTRL_X0Y0        BUFG (Prop_bufg_I_O)         0.113    12.922 r  clk_IBUF_BUFG_inst/O
                         net (fo=254, routed)         1.544    14.466    clk_IBUF_BUFG
    SLICE_X3Y41          FDRE                                         r  s13_reg[13]/C
                         clock pessimism              0.267    14.733    
                         clock uncertainty           -0.035    14.698    
    SLICE_X3Y41          FDRE (Setup_fdre_C_D)       -0.162    14.536    s13_reg[13]
  -------------------------------------------------------------------
                         required time                         14.536    
                         arrival time                          -8.646    
  -------------------------------------------------------------------
                         slack                                  5.890    

Slack (MET) :             5.906ns  (required time - arrival time)
  Source:                 s10_reg[2]/C
                            (rising edge-triggered cell FDRE clocked by clk  {rise@0.000ns fall@5.000ns period=10.000ns})
  Destination:            s11_reg[13]/D
                            (rising edge-triggered cell FDRE clocked by clk  {rise@0.000ns fall@5.000ns period=10.000ns})
  Path Group:             clk
  Path Type:              Setup (Max at Slow Process Corner)
  Requirement:            10.000ns  (clk rise@10.000ns - clk rise@0.000ns)
  Data Path Delay:        3.928ns  (logic 0.815ns (20.749%)  route 3.113ns (79.251%))
  Logic Levels:           7  (LUT4=1 LUT5=1 LUT6=5)
  Clock Path Skew:        0.033ns (DCD - SCD + CPR)
    Destination Clock Delay (DCD):    4.465ns = ( 14.465 - 10.000 ) 
    Source Clock Delay      (SCD):    4.699ns
    Clock Pessimism Removal (CPR):    0.267ns
  Clock Uncertainty:      0.035ns  ((TSJ^2 + TIJ^2)^1/2 + DJ) / 2 + PE
    Total System Jitter     (TSJ):    0.071ns
    Total Input Jitter      (TIJ):    0.000ns
    Discrete Jitter          (DJ):    0.000ns
    Phase Error              (PE):    0.000ns

    Location             Delay type                Incr(ns)  Path(ns)    Netlist Resource(s)
  -------------------------------------------------------------------    -------------------
                         (clock clk rise edge)        0.000     0.000 r  
    P23                                               0.000     0.000 r  clk (IN)
                         net (fo=0)                   0.000     0.000    clk
    P23                  IBUF (Prop_ibuf_I_O)         0.845     0.845 r  clk_IBUF_inst/O
                         net (fo=1, routed)           2.140     2.985    clk_IBUF
    BUFGCTRL_X0Y0        BUFG (Prop_bufg_I_O)         0.120     3.105 r  clk_IBUF_BUFG_inst/O
                         net (fo=254, routed)         1.594     4.699    clk_IBUF_BUFG
    SLICE_X12Y38         FDRE                                         r  s10_reg[2]/C
  -------------------------------------------------------------------    -------------------
    SLICE_X12Y38         FDRE (Prop_fdre_C_Q)         0.308     5.007 r  s10_reg[2]/Q
                         net (fo=2, routed)           0.573     5.580    s10[2]
    SLICE_X12Y40         LUT5 (Prop_lut5_I4_O)        0.063     5.643 r  s11[3]_i_2/O
                         net (fo=4, routed)           0.486     6.129    s11[3]_i_2_n_0
    SLICE_X9Y40          LUT6 (Prop_lut6_I5_O)        0.164     6.293 r  s11[12]_i_6/O
                         net (fo=1, routed)           0.128     6.421    eleventh_stage[4].f11/C2
    SLICE_X9Y40          LUT6 (Prop_lut6_I1_O)        0.053     6.474 r  s11[12]_i_4/O
                         net (fo=2, routed)           0.425     6.899    s11[12]_i_4_n_0
    SLICE_X11Y40         LUT6 (Prop_lut6_I0_O)        0.053     6.952 r  s11[12]_i_3/O
                         net (fo=1, routed)           0.194     7.146    s11[12]_i_3_n_0
    SLICE_X11Y40         LUT6 (Prop_lut6_I0_O)        0.053     7.199 r  s11[12]_i_2/O
                         net (fo=2, routed)           0.483     7.682    s11[12]_i_2_n_0
    SLICE_X10Y40         LUT6 (Prop_lut6_I0_O)        0.053     7.735 r  s11[14]_i_2/O
                         net (fo=2, routed)           0.435     8.170    s11[14]_i_2_n_0
    SLICE_X8Y40          LUT4 (Prop_lut4_I0_O)        0.068     8.238 r  s11[13]_i_1/O
                         net (fo=1, routed)           0.389     8.627    s11[13]_i_1_n_0
    SLICE_X7Y41          FDRE                                         r  s11_reg[13]/D
  -------------------------------------------------------------------    -------------------

                         (clock clk rise edge)       10.000    10.000 r  
    P23                                               0.000    10.000 r  clk (IN)
                         net (fo=0)                   0.000    10.000    clk
    P23                  IBUF (Prop_ibuf_I_O)         0.769    10.769 r  clk_IBUF_inst/O
                         net (fo=1, routed)           2.040    12.809    clk_IBUF
    BUFGCTRL_X0Y0        BUFG (Prop_bufg_I_O)         0.113    12.922 r  clk_IBUF_BUFG_inst/O
                         net (fo=254, routed)         1.543    14.465    clk_IBUF_BUFG
    SLICE_X7Y41          FDRE                                         r  s11_reg[13]/C
                         clock pessimism              0.267    14.732    
                         clock uncertainty           -0.035    14.697    
    SLICE_X7Y41          FDRE (Setup_fdre_C_D)       -0.164    14.533    s11_reg[13]
  -------------------------------------------------------------------
                         required time                         14.533    
                         arrival time                          -8.627    
  -------------------------------------------------------------------
                         slack                                  5.906    

Slack (MET) :             5.916ns  (required time - arrival time)
  Source:                 s13_reg[2]/C
                            (rising edge-triggered cell FDRE clocked by clk  {rise@0.000ns fall@5.000ns period=10.000ns})
  Destination:            s14_reg[13]/D
                            (rising edge-triggered cell FDRE clocked by clk  {rise@0.000ns fall@5.000ns period=10.000ns})
  Path Group:             clk
  Path Type:              Setup (Max at Slow Process Corner)
  Requirement:            10.000ns  (clk rise@10.000ns - clk rise@0.000ns)
  Data Path Delay:        3.875ns  (logic 0.774ns (19.973%)  route 3.101ns (80.027%))
  Logic Levels:           7  (LUT4=1 LUT5=1 LUT6=5)
  Clock Path Skew:        -0.020ns (DCD - SCD + CPR)
    Destination Clock Delay (DCD):    4.466ns = ( 14.466 - 10.000 ) 
    Source Clock Delay      (SCD):    4.759ns
    Clock Pessimism Removal (CPR):    0.273ns
  Clock Uncertainty:      0.035ns  ((TSJ^2 + TIJ^2)^1/2 + DJ) / 2 + PE
    Total System Jitter     (TSJ):    0.071ns
    Total Input Jitter      (TIJ):    0.000ns
    Discrete Jitter          (DJ):    0.000ns
    Phase Error              (PE):    0.000ns

    Location             Delay type                Incr(ns)  Path(ns)    Netlist Resource(s)
  -------------------------------------------------------------------    -------------------
                         (clock clk rise edge)        0.000     0.000 r  
    P23                                               0.000     0.000 r  clk (IN)
                         net (fo=0)                   0.000     0.000    clk
    P23                  IBUF (Prop_ibuf_I_O)         0.845     0.845 r  clk_IBUF_inst/O
                         net (fo=1, routed)           2.140     2.985    clk_IBUF
    BUFGCTRL_X0Y0        BUFG (Prop_bufg_I_O)         0.120     3.105 r  clk_IBUF_BUFG_inst/O
                         net (fo=254, routed)         1.654     4.759    clk_IBUF_BUFG
    SLICE_X3Y39          FDRE                                         r  s13_reg[2]/C
  -------------------------------------------------------------------    -------------------
    SLICE_X3Y39          FDRE (Prop_fdre_C_Q)         0.269     5.028 r  s13_reg[2]/Q
                         net (fo=2, routed)           0.554     5.582    s13[2]
    SLICE_X3Y39          LUT5 (Prop_lut5_I4_O)        0.066     5.648 r  s14[3]_i_2/O
                         net (fo=4, routed)           0.491     6.139    s14[3]_i_2_n_0
    SLICE_X2Y39          LUT6 (Prop_lut6_I5_O)        0.165     6.304 r  s14[12]_i_6/O
                         net (fo=1, routed)           0.212     6.516    fourteenth_stage[4].f14/C2
    SLICE_X2Y39          LUT6 (Prop_lut6_I1_O)        0.053     6.569 r  s14[12]_i_4/O
                         net (fo=2, routed)           0.301     6.870    s14[12]_i_4_n_0
    SLICE_X3Y40          LUT6 (Prop_lut6_I0_O)        0.053     6.923 r  s14[12]_i_3/O
                         net (fo=1, routed)           0.232     7.155    s14[12]_i_3_n_0
    SLICE_X3Y41          LUT6 (Prop_lut6_I0_O)        0.053     7.208 r  s14[12]_i_2/O
                         net (fo=2, routed)           0.454     7.662    s14[12]_i_2_n_0
    SLICE_X2Y41          LUT6 (Prop_lut6_I0_O)        0.053     7.715 r  s14[14]_i_2/O
                         net (fo=2, routed)           0.467     8.181    s14[14]_i_2_n_0
    SLICE_X2Y42          LUT4 (Prop_lut4_I0_O)        0.062     8.243 r  s14[13]_i_1/O
                         net (fo=1, routed)           0.391     8.634    s14[13]_i_1_n_0
    SLICE_X0Y42          FDRE                                         r  s14_reg[13]/D
  -------------------------------------------------------------------    -------------------

                         (clock clk rise edge)       10.000    10.000 r  
    P23                                               0.000    10.000 r  clk (IN)
                         net (fo=0)                   0.000    10.000    clk
    P23                  IBUF (Prop_ibuf_I_O)         0.769    10.769 r  clk_IBUF_inst/O
                         net (fo=1, routed)           2.040    12.809    clk_IBUF
    BUFGCTRL_X0Y0        BUFG (Prop_bufg_I_O)         0.113    12.922 r  clk_IBUF_BUFG_inst/O
                         net (fo=254, routed)         1.544    14.466    clk_IBUF_BUFG
    SLICE_X0Y42          FDRE                                         r  s14_reg[13]/C
                         clock pessimism              0.273    14.739    
                         clock uncertainty           -0.035    14.704    
    SLICE_X0Y42          FDRE (Setup_fdre_C_D)       -0.153    14.551    s14_reg[13]
  -------------------------------------------------------------------
                         required time                         14.551    
                         arrival time                          -8.634    
  -------------------------------------------------------------------
                         slack                                  5.916    

Slack (MET) :             5.959ns  (required time - arrival time)
  Source:                 s14_reg[2]/C
                            (rising edge-triggered cell FDRE clocked by clk  {rise@0.000ns fall@5.000ns period=10.000ns})
  Destination:            z_reg[30]/D
                            (rising edge-triggered cell FDRE clocked by clk  {rise@0.000ns fall@5.000ns period=10.000ns})
  Path Group:             clk
  Path Type:              Setup (Max at Slow Process Corner)
  Requirement:            10.000ns  (clk rise@10.000ns - clk rise@0.000ns)
  Data Path Delay:        4.021ns  (logic 0.882ns (21.934%)  route 3.139ns (78.066%))
  Logic Levels:           7  (LUT5=1 LUT6=6)
  Clock Path Skew:        -0.020ns (DCD - SCD + CPR)
    Destination Clock Delay (DCD):    4.466ns = ( 14.466 - 10.000 ) 
    Source Clock Delay      (SCD):    4.759ns
    Clock Pessimism Removal (CPR):    0.273ns
  Clock Uncertainty:      0.035ns  ((TSJ^2 + TIJ^2)^1/2 + DJ) / 2 + PE
    Total System Jitter     (TSJ):    0.071ns
    Total Input Jitter      (TIJ):    0.000ns
    Discrete Jitter          (DJ):    0.000ns
    Phase Error              (PE):    0.000ns

    Location             Delay type                Incr(ns)  Path(ns)    Netlist Resource(s)
  -------------------------------------------------------------------    -------------------
                         (clock clk rise edge)        0.000     0.000 r  
    P23                                               0.000     0.000 r  clk (IN)
                         net (fo=0)                   0.000     0.000    clk
    P23                  IBUF (Prop_ibuf_I_O)         0.845     0.845 r  clk_IBUF_inst/O
                         net (fo=1, routed)           2.140     2.985    clk_IBUF
    BUFGCTRL_X0Y0        BUFG (Prop_bufg_I_O)         0.120     3.105 r  clk_IBUF_BUFG_inst/O
                         net (fo=254, routed)         1.654     4.759    clk_IBUF_BUFG
    SLICE_X2Y39          FDRE                                         r  s14_reg[2]/C
  -------------------------------------------------------------------    -------------------
    SLICE_X2Y39          FDRE (Prop_fdre_C_Q)         0.282     5.041 r  s14_reg[2]/Q
                         net (fo=2, routed)           0.405     5.446    s14[2]
    SLICE_X1Y39          LUT5 (Prop_lut5_I4_O)        0.170     5.616 r  z[18]_i_2/O
                         net (fo=4, routed)           0.581     6.197    c15_wire_1
    SLICE_X1Y38          LUT6 (Prop_lut6_I5_O)        0.165     6.362 r  z[27]_i_6/O
                         net (fo=1, routed)           0.343     6.705    fifteenth_stage[4].f15/C2
    SLICE_X0Y38          LUT6 (Prop_lut6_I1_O)        0.053     6.758 r  z[27]_i_4/O
                         net (fo=2, routed)           0.568     7.325    c15_wire_6
    SLICE_X0Y41          LUT6 (Prop_lut6_I5_O)        0.053     7.378 r  z[31]_i_5/O
                         net (fo=1, routed)           0.448     7.827    fifteenth_stage[9].f15/C2
    SLICE_X0Y42          LUT6 (Prop_lut6_I1_O)        0.053     7.880 r  z[31]_i_3/O
                         net (fo=1, routed)           0.234     8.114    c15_wire_11
    SLICE_X0Y43          LUT6 (Prop_lut6_I0_O)        0.053     8.167 r  z[31]_i_2/O
                         net (fo=2, routed)           0.560     8.727    c15_wire_13
    SLICE_X0Y44          LUT6 (Prop_lut6_I2_O)        0.053     8.780 r  z[30]_i_1/O
                         net (fo=1, routed)           0.000     8.780    s15_wire_15
    SLICE_X0Y44          FDRE                                         r  z_reg[30]/D
  -------------------------------------------------------------------    -------------------

                         (clock clk rise edge)       10.000    10.000 r  
    P23                                               0.000    10.000 r  clk (IN)
                         net (fo=0)                   0.000    10.000    clk
    P23                  IBUF (Prop_ibuf_I_O)         0.769    10.769 r  clk_IBUF_inst/O
                         net (fo=1, routed)           2.040    12.809    clk_IBUF
    BUFGCTRL_X0Y0        BUFG (Prop_bufg_I_O)         0.113    12.922 r  clk_IBUF_BUFG_inst/O
                         net (fo=254, routed)         1.544    14.466    clk_IBUF_BUFG
    SLICE_X0Y44          FDRE                                         r  z_reg[30]/C
                         clock pessimism              0.273    14.739    
                         clock uncertainty           -0.035    14.704    
    SLICE_X0Y44          FDRE (Setup_fdre_C_D)        0.035    14.739    z_reg[30]
  -------------------------------------------------------------------
                         required time                         14.739    
                         arrival time                          -8.780    
  -------------------------------------------------------------------
                         slack                                  5.959    

Slack (MET) :             5.961ns  (required time - arrival time)
  Source:                 s14_reg[2]/C
                            (rising edge-triggered cell FDRE clocked by clk  {rise@0.000ns fall@5.000ns period=10.000ns})
  Destination:            z_reg[31]/D
                            (rising edge-triggered cell FDRE clocked by clk  {rise@0.000ns fall@5.000ns period=10.000ns})
  Path Group:             clk
  Path Type:              Setup (Max at Slow Process Corner)
  Requirement:            10.000ns  (clk rise@10.000ns - clk rise@0.000ns)
  Data Path Delay:        4.019ns  (logic 0.882ns (21.946%)  route 3.137ns (78.054%))
  Logic Levels:           7  (LUT5=1 LUT6=6)
  Clock Path Skew:        -0.020ns (DCD - SCD + CPR)
    Destination Clock Delay (DCD):    4.466ns = ( 14.466 - 10.000 ) 
    Source Clock Delay      (SCD):    4.759ns
    Clock Pessimism Removal (CPR):    0.273ns
  Clock Uncertainty:      0.035ns  ((TSJ^2 + TIJ^2)^1/2 + DJ) / 2 + PE
    Total System Jitter     (TSJ):    0.071ns
    Total Input Jitter      (TIJ):    0.000ns
    Discrete Jitter          (DJ):    0.000ns
    Phase Error              (PE):    0.000ns

    Location             Delay type                Incr(ns)  Path(ns)    Netlist Resource(s)
  -------------------------------------------------------------------    -------------------
                         (clock clk rise edge)        0.000     0.000 r  
    P23                                               0.000     0.000 r  clk (IN)
                         net (fo=0)                   0.000     0.000    clk
    P23                  IBUF (Prop_ibuf_I_O)         0.845     0.845 r  clk_IBUF_inst/O
                         net (fo=1, routed)           2.140     2.985    clk_IBUF
    BUFGCTRL_X0Y0        BUFG (Prop_bufg_I_O)         0.120     3.105 r  clk_IBUF_BUFG_inst/O
                         net (fo=254, routed)         1.654     4.759    clk_IBUF_BUFG
    SLICE_X2Y39          FDRE                                         r  s14_reg[2]/C
  -------------------------------------------------------------------    -------------------
    SLICE_X2Y39          FDRE (Prop_fdre_C_Q)         0.282     5.041 r  s14_reg[2]/Q
                         net (fo=2, routed)           0.405     5.446    s14[2]
    SLICE_X1Y39          LUT5 (Prop_lut5_I4_O)        0.170     5.616 r  z[18]_i_2/O
                         net (fo=4, routed)           0.581     6.197    c15_wire_1
    SLICE_X1Y38          LUT6 (Prop_lut6_I5_O)        0.165     6.362 r  z[27]_i_6/O
                         net (fo=1, routed)           0.343     6.705    fifteenth_stage[4].f15/C2
    SLICE_X0Y38          LUT6 (Prop_lut6_I1_O)        0.053     6.758 r  z[27]_i_4/O
                         net (fo=2, routed)           0.568     7.325    c15_wire_6
    SLICE_X0Y41          LUT6 (Prop_lut6_I5_O)        0.053     7.378 r  z[31]_i_5/O
                         net (fo=1, routed)           0.448     7.827    fifteenth_stage[9].f15/C2
    SLICE_X0Y42          LUT6 (Prop_lut6_I1_O)        0.053     7.880 r  z[31]_i_3/O
                         net (fo=1, routed)           0.234     8.114    c15_wire_11
    SLICE_X0Y43          LUT6 (Prop_lut6_I0_O)        0.053     8.167 r  z[31]_i_2/O
                         net (fo=2, routed)           0.558     8.725    c15_wire_13
    SLICE_X0Y44          LUT6 (Prop_lut6_I0_O)        0.053     8.778 r  z[31]_i_1/O
                         net (fo=1, routed)           0.000     8.778    c15_wire_15
    SLICE_X0Y44          FDRE                                         r  z_reg[31]/D
  -------------------------------------------------------------------    -------------------

                         (clock clk rise edge)       10.000    10.000 r  
    P23                                               0.000    10.000 r  clk (IN)
                         net (fo=0)                   0.000    10.000    clk
    P23                  IBUF (Prop_ibuf_I_O)         0.769    10.769 r  clk_IBUF_inst/O
                         net (fo=1, routed)           2.040    12.809    clk_IBUF
    BUFGCTRL_X0Y0        BUFG (Prop_bufg_I_O)         0.113    12.922 r  clk_IBUF_BUFG_inst/O
                         net (fo=254, routed)         1.544    14.466    clk_IBUF_BUFG
    SLICE_X0Y44          FDRE                                         r  z_reg[31]/C
                         clock pessimism              0.273    14.739    
                         clock uncertainty           -0.035    14.704    
    SLICE_X0Y44          FDRE (Setup_fdre_C_D)        0.035    14.739    z_reg[31]
  -------------------------------------------------------------------
                         required time                         14.739    
                         arrival time                          -8.778    
  -------------------------------------------------------------------
                         slack                                  5.961    





Min Delay Paths
--------------------------------------------------------------------------------------
Slack (MET) :             0.124ns  (arrival time - required time)
  Source:                 c7_reg[15]/C
                            (rising edge-triggered cell FDRE clocked by clk  {rise@0.000ns fall@5.000ns period=10.000ns})
  Destination:            s8_reg[15]/D
                            (rising edge-triggered cell FDRE clocked by clk  {rise@0.000ns fall@5.000ns period=10.000ns})
  Path Group:             clk
  Path Type:              Hold (Min at Fast Process Corner)
  Requirement:            0.000ns  (clk rise@0.000ns - clk rise@0.000ns)
  Data Path Delay:        0.242ns  (logic 0.128ns (52.874%)  route 0.114ns (47.126%))
  Logic Levels:           1  (LUT6=1)
  Clock Path Skew:        0.031ns (DCD - SCD - CPR)
    Destination Clock Delay (DCD):    2.133ns
    Source Clock Delay      (SCD):    1.597ns
    Clock Pessimism Removal (CPR):    0.505ns

    Location             Delay type                Incr(ns)  Path(ns)    Netlist Resource(s)
  -------------------------------------------------------------------    -------------------
                         (clock clk rise edge)        0.000     0.000 r  
    P23                                               0.000     0.000 r  clk (IN)
                         net (fo=0)                   0.000     0.000    clk
    P23                  IBUF (Prop_ibuf_I_O)         0.109     0.109 r  clk_IBUF_inst/O
                         net (fo=1, routed)           0.863     0.972    clk_IBUF
    BUFGCTRL_X0Y0        BUFG (Prop_bufg_I_O)         0.026     0.998 r  clk_IBUF_BUFG_inst/O
                         net (fo=254, routed)         0.599     1.597    clk_IBUF_BUFG
    SLICE_X9Y36          FDRE                                         r  c7_reg[15]/C
  -------------------------------------------------------------------    -------------------
    SLICE_X9Y36          FDRE (Prop_fdre_C_Q)         0.100     1.697 r  c7_reg[15]/Q
                         net (fo=2, routed)           0.114     1.811    c7[15]
    SLICE_X10Y36         LUT6 (Prop_lut6_I3_O)        0.028     1.839 r  s8[15]_i_1/O
                         net (fo=1, routed)           0.000     1.839    s8[15]_i_1_n_0
    SLICE_X10Y36         FDRE                                         r  s8_reg[15]/D
  -------------------------------------------------------------------    -------------------

                         (clock clk rise edge)        0.000     0.000 r  
    P23                                               0.000     0.000 r  clk (IN)
                         net (fo=0)                   0.000     0.000    clk
    P23                  IBUF (Prop_ibuf_I_O)         0.357     0.357 r  clk_IBUF_inst/O
                         net (fo=1, routed)           0.928     1.285    clk_IBUF
    BUFGCTRL_X0Y0        BUFG (Prop_bufg_I_O)         0.030     1.315 r  clk_IBUF_BUFG_inst/O
                         net (fo=254, routed)         0.818     2.133    clk_IBUF_BUFG
    SLICE_X10Y36         FDRE                                         r  s8_reg[15]/C
                         clock pessimism             -0.505     1.628    
    SLICE_X10Y36         FDRE (Hold_fdre_C_D)         0.087     1.715    s8_reg[15]
  -------------------------------------------------------------------
                         required time                         -1.715    
                         arrival time                           1.839    
  -------------------------------------------------------------------
                         slack                                  0.124    

Slack (MET) :             0.129ns  (arrival time - required time)
  Source:                 s13_reg[12]/C
                            (rising edge-triggered cell FDRE clocked by clk  {rise@0.000ns fall@5.000ns period=10.000ns})
  Destination:            s14_reg[12]/D
                            (rising edge-triggered cell FDRE clocked by clk  {rise@0.000ns fall@5.000ns period=10.000ns})
  Path Group:             clk
  Path Type:              Hold (Min at Fast Process Corner)
  Requirement:            0.000ns  (clk rise@0.000ns - clk rise@0.000ns)
  Data Path Delay:        0.251ns  (logic 0.128ns (51.015%)  route 0.123ns (48.985%))
  Logic Levels:           1  (LUT6=1)
  Clock Path Skew:        0.035ns (DCD - SCD - CPR)
    Destination Clock Delay (DCD):    2.169ns
    Source Clock Delay      (SCD):    1.629ns
    Clock Pessimism Removal (CPR):    0.505ns

    Location             Delay type                Incr(ns)  Path(ns)    Netlist Resource(s)
  -------------------------------------------------------------------    -------------------
                         (clock clk rise edge)        0.000     0.000 r  
    P23                                               0.000     0.000 r  clk (IN)
                         net (fo=0)                   0.000     0.000    clk
    P23                  IBUF (Prop_ibuf_I_O)         0.109     0.109 r  clk_IBUF_inst/O
                         net (fo=1, routed)           0.863     0.972    clk_IBUF
    BUFGCTRL_X0Y0        BUFG (Prop_bufg_I_O)         0.026     0.998 r  clk_IBUF_BUFG_inst/O
                         net (fo=254, routed)         0.631     1.629    clk_IBUF_BUFG
    SLICE_X5Y41          FDRE                                         r  s13_reg[12]/C
  -------------------------------------------------------------------    -------------------
    SLICE_X5Y41          FDRE (Prop_fdre_C_Q)         0.100     1.729 r  s13_reg[12]/Q
                         net (fo=4, routed)           0.123     1.852    s13[12]
    SLICE_X2Y41          LUT6 (Prop_lut6_I0_O)        0.028     1.880 r  s14[12]_i_1/O
                         net (fo=1, routed)           0.000     1.880    s14[12]_i_1_n_0
    SLICE_X2Y41          FDRE                                         r  s14_reg[12]/D
  -------------------------------------------------------------------    -------------------

                         (clock clk rise edge)        0.000     0.000 r  
    P23                                               0.000     0.000 r  clk (IN)
                         net (fo=0)                   0.000     0.000    clk
    P23                  IBUF (Prop_ibuf_I_O)         0.357     0.357 r  clk_IBUF_inst/O
                         net (fo=1, routed)           0.928     1.285    clk_IBUF
    BUFGCTRL_X0Y0        BUFG (Prop_bufg_I_O)         0.030     1.315 r  clk_IBUF_BUFG_inst/O
                         net (fo=254, routed)         0.854     2.169    clk_IBUF_BUFG
    SLICE_X2Y41          FDRE                                         r  s14_reg[12]/C
                         clock pessimism             -0.505     1.664    
    SLICE_X2Y41          FDRE (Hold_fdre_C_D)         0.087     1.751    s14_reg[12]
  -------------------------------------------------------------------
                         required time                         -1.751    
                         arrival time                           1.880    
  -------------------------------------------------------------------
                         slack                                  0.129    

Slack (MET) :             0.133ns  (arrival time - required time)
  Source:                 s3_reg[9]/C
                            (rising edge-triggered cell FDRE clocked by clk  {rise@0.000ns fall@5.000ns period=10.000ns})
  Destination:            s4_reg[8]/D
                            (rising edge-triggered cell FDRE clocked by clk  {rise@0.000ns fall@5.000ns period=10.000ns})
  Path Group:             clk
  Path Type:              Hold (Min at Fast Process Corner)
  Requirement:            0.000ns  (clk rise@0.000ns - clk rise@0.000ns)
  Data Path Delay:        0.204ns  (logic 0.128ns (62.630%)  route 0.076ns (37.370%))
  Logic Levels:           1  (LUT6=1)
  Clock Path Skew:        0.011ns (DCD - SCD - CPR)
    Destination Clock Delay (DCD):    2.163ns
    Source Clock Delay      (SCD):    1.626ns
    Clock Pessimism Removal (CPR):    0.526ns

    Location             Delay type                Incr(ns)  Path(ns)    Netlist Resource(s)
  -------------------------------------------------------------------    -------------------
                         (clock clk rise edge)        0.000     0.000 r  
    P23                                               0.000     0.000 r  clk (IN)
                         net (fo=0)                   0.000     0.000    clk
    P23                  IBUF (Prop_ibuf_I_O)         0.109     0.109 r  clk_IBUF_inst/O
                         net (fo=1, routed)           0.863     0.972    clk_IBUF
    BUFGCTRL_X0Y0        BUFG (Prop_bufg_I_O)         0.026     0.998 r  clk_IBUF_BUFG_inst/O
                         net (fo=254, routed)         0.628     1.626    clk_IBUF_BUFG
    SLICE_X4Y34          FDRE                                         r  s3_reg[9]/C
  -------------------------------------------------------------------    -------------------
    SLICE_X4Y34          FDRE (Prop_fdre_C_Q)         0.100     1.726 r  s3_reg[9]/Q
                         net (fo=3, routed)           0.076     1.802    s3[9]
    SLICE_X5Y34          LUT6 (Prop_lut6_I3_O)        0.028     1.830 r  s4[8]_i_1/O
                         net (fo=1, routed)           0.000     1.830    s4_wire[8]
    SLICE_X5Y34          FDRE                                         r  s4_reg[8]/D
  -------------------------------------------------------------------    -------------------

                         (clock clk rise edge)        0.000     0.000 r  
    P23                                               0.000     0.000 r  clk (IN)
                         net (fo=0)                   0.000     0.000    clk
    P23                  IBUF (Prop_ibuf_I_O)         0.357     0.357 r  clk_IBUF_inst/O
                         net (fo=1, routed)           0.928     1.285    clk_IBUF
    BUFGCTRL_X0Y0        BUFG (Prop_bufg_I_O)         0.030     1.315 r  clk_IBUF_BUFG_inst/O
                         net (fo=254, routed)         0.848     2.163    clk_IBUF_BUFG
    SLICE_X5Y34          FDRE                                         r  s4_reg[8]/C
                         clock pessimism             -0.526     1.637    
    SLICE_X5Y34          FDRE (Hold_fdre_C_D)         0.060     1.697    s4_reg[8]
  -------------------------------------------------------------------
                         required time                         -1.697    
                         arrival time                           1.830    
  -------------------------------------------------------------------
                         slack                                  0.133    

Slack (MET) :             0.136ns  (arrival time - required time)
  Source:                 s8_reg[3]/C
                            (rising edge-triggered cell FDRE clocked by clk  {rise@0.000ns fall@5.000ns period=10.000ns})
  Destination:            s9_reg[3]/D
                            (rising edge-triggered cell FDRE clocked by clk  {rise@0.000ns fall@5.000ns period=10.000ns})
  Path Group:             clk
  Path Type:              Hold (Min at Fast Process Corner)
  Requirement:            0.000ns  (clk rise@0.000ns - clk rise@0.000ns)
  Data Path Delay:        0.208ns  (logic 0.146ns (70.097%)  route 0.062ns (29.903%))
  Logic Levels:           1  (LUT6=1)
  Clock Path Skew:        0.011ns (DCD - SCD - CPR)
    Destination Clock Delay (DCD):    2.133ns
    Source Clock Delay      (SCD):    1.596ns
    Clock Pessimism Removal (CPR):    0.526ns

    Location             Delay type                Incr(ns)  Path(ns)    Netlist Resource(s)
  -------------------------------------------------------------------    -------------------
                         (clock clk rise edge)        0.000     0.000 r  
    P23                                               0.000     0.000 r  clk (IN)
                         net (fo=0)                   0.000     0.000    clk
    P23                  IBUF (Prop_ibuf_I_O)         0.109     0.109 r  clk_IBUF_inst/O
                         net (fo=1, routed)           0.863     0.972    clk_IBUF
    BUFGCTRL_X0Y0        BUFG (Prop_bufg_I_O)         0.026     0.998 r  clk_IBUF_BUFG_inst/O
                         net (fo=254, routed)         0.598     1.596    clk_IBUF_BUFG
    SLICE_X12Y36         FDRE                                         r  s8_reg[3]/C
  -------------------------------------------------------------------    -------------------
    SLICE_X12Y36         FDRE (Prop_fdre_C_Q)         0.118     1.714 r  s8_reg[3]/Q
                         net (fo=4, routed)           0.062     1.776    s8[3]
    SLICE_X13Y36         LUT6 (Prop_lut6_I0_O)        0.028     1.804 r  s9[3]_i_1/O
                         net (fo=1, routed)           0.000     1.804    s9[3]_i_1_n_0
    SLICE_X13Y36         FDRE                                         r  s9_reg[3]/D
  -------------------------------------------------------------------    -------------------

                         (clock clk rise edge)        0.000     0.000 r  
    P23                                               0.000     0.000 r  clk (IN)
                         net (fo=0)                   0.000     0.000    clk
    P23                  IBUF (Prop_ibuf_I_O)         0.357     0.357 r  clk_IBUF_inst/O
                         net (fo=1, routed)           0.928     1.285    clk_IBUF
    BUFGCTRL_X0Y0        BUFG (Prop_bufg_I_O)         0.030     1.315 r  clk_IBUF_BUFG_inst/O
                         net (fo=254, routed)         0.818     2.133    clk_IBUF_BUFG
    SLICE_X13Y36         FDRE                                         r  s9_reg[3]/C
                         clock pessimism             -0.526     1.607    
    SLICE_X13Y36         FDRE (Hold_fdre_C_D)         0.061     1.668    s9_reg[3]
  -------------------------------------------------------------------
                         required time                         -1.668    
                         arrival time                           1.804    
  -------------------------------------------------------------------
                         slack                                  0.136    

Slack (MET) :             0.138ns  (arrival time - required time)
  Source:                 s11_reg[7]/C
                            (rising edge-triggered cell FDRE clocked by clk  {rise@0.000ns fall@5.000ns period=10.000ns})
  Destination:            s12_reg[7]/D
                            (rising edge-triggered cell FDRE clocked by clk  {rise@0.000ns fall@5.000ns period=10.000ns})
  Path Group:             clk
  Path Type:              Hold (Min at Fast Process Corner)
  Requirement:            0.000ns  (clk rise@0.000ns - clk rise@0.000ns)
  Data Path Delay:        0.288ns  (logic 0.128ns (44.457%)  route 0.160ns (55.543%))
  Logic Levels:           1  (LUT6=1)
  Clock Path Skew:        0.063ns (DCD - SCD - CPR)
    Destination Clock Delay (DCD):    2.167ns
    Source Clock Delay      (SCD):    1.599ns
    Clock Pessimism Removal (CPR):    0.505ns

    Location             Delay type                Incr(ns)  Path(ns)    Netlist Resource(s)
  -------------------------------------------------------------------    -------------------
                         (clock clk rise edge)        0.000     0.000 r  
    P23                                               0.000     0.000 r  clk (IN)
                         net (fo=0)                   0.000     0.000    clk
    P23                  IBUF (Prop_ibuf_I_O)         0.109     0.109 r  clk_IBUF_inst/O
                         net (fo=1, routed)           0.863     0.972    clk_IBUF
    BUFGCTRL_X0Y0        BUFG (Prop_bufg_I_O)         0.026     0.998 r  clk_IBUF_BUFG_inst/O
                         net (fo=254, routed)         0.601     1.599    clk_IBUF_BUFG
    SLICE_X9Y38          FDRE                                         r  s11_reg[7]/C
  -------------------------------------------------------------------    -------------------
    SLICE_X9Y38          FDRE (Prop_fdre_C_Q)         0.100     1.699 r  s11_reg[7]/Q
                         net (fo=4, routed)           0.160     1.859    s11[7]
    SLICE_X6Y38          LUT6 (Prop_lut6_I0_O)        0.028     1.887 r  s12[7]_i_1/O
                         net (fo=1, routed)           0.000     1.887    s12[7]_i_1_n_0
    SLICE_X6Y38          FDRE                                         r  s12_reg[7]/D
  -------------------------------------------------------------------    -------------------

                         (clock clk rise edge)        0.000     0.000 r  
    P23                                               0.000     0.000 r  clk (IN)
                         net (fo=0)                   0.000     0.000    clk
    P23                  IBUF (Prop_ibuf_I_O)         0.357     0.357 r  clk_IBUF_inst/O
                         net (fo=1, routed)           0.928     1.285    clk_IBUF
    BUFGCTRL_X0Y0        BUFG (Prop_bufg_I_O)         0.030     1.315 r  clk_IBUF_BUFG_inst/O
                         net (fo=254, routed)         0.852     2.167    clk_IBUF_BUFG
    SLICE_X6Y38          FDRE                                         r  s12_reg[7]/C
                         clock pessimism             -0.505     1.662    
    SLICE_X6Y38          FDRE (Hold_fdre_C_D)         0.087     1.749    s12_reg[7]
  -------------------------------------------------------------------
                         required time                         -1.749    
                         arrival time                           1.887    
  -------------------------------------------------------------------
                         slack                                  0.138    

Slack (MET) :             0.140ns  (arrival time - required time)
  Source:                 s1_reg[14]/C
                            (rising edge-triggered cell FDRE clocked by clk  {rise@0.000ns fall@5.000ns period=10.000ns})
  Destination:            s2_reg[14]/D
                            (rising edge-triggered cell FDRE clocked by clk  {rise@0.000ns fall@5.000ns period=10.000ns})
  Path Group:             clk
  Path Type:              Hold (Min at Fast Process Corner)
  Requirement:            0.000ns  (clk rise@0.000ns - clk rise@0.000ns)
  Data Path Delay:        0.239ns  (logic 0.128ns (53.451%)  route 0.111ns (46.549%))
  Logic Levels:           1  (LUT6=1)
  Clock Path Skew:        0.012ns (DCD - SCD - CPR)
    Destination Clock Delay (DCD):    2.163ns
    Source Clock Delay      (SCD):    1.627ns
    Clock Pessimism Removal (CPR):    0.524ns

    Location             Delay type                Incr(ns)  Path(ns)    Netlist Resource(s)
  -------------------------------------------------------------------    -------------------
                         (clock clk rise edge)        0.000     0.000 r  
    P23                                               0.000     0.000 r  clk (IN)
                         net (fo=0)                   0.000     0.000    clk
    P23                  IBUF (Prop_ibuf_I_O)         0.109     0.109 r  clk_IBUF_inst/O
                         net (fo=1, routed)           0.863     0.972    clk_IBUF
    BUFGCTRL_X0Y0        BUFG (Prop_bufg_I_O)         0.026     0.998 r  clk_IBUF_BUFG_inst/O
                         net (fo=254, routed)         0.629     1.627    clk_IBUF_BUFG
    SLICE_X1Y33          FDRE                                         r  s1_reg[14]/C
  -------------------------------------------------------------------    -------------------
    SLICE_X1Y33          FDRE (Prop_fdre_C_Q)         0.100     1.727 r  s1_reg[14]/Q
                         net (fo=3, routed)           0.111     1.838    s1[14]
    SLICE_X2Y33          LUT6 (Prop_lut6_I0_O)        0.028     1.866 r  s2[14]_i_1/O
                         net (fo=1, routed)           0.000     1.866    s2[14]_i_1_n_0
    SLICE_X2Y33          FDRE                                         r  s2_reg[14]/D
  -------------------------------------------------------------------    -------------------

                         (clock clk rise edge)        0.000     0.000 r  
    P23                                               0.000     0.000 r  clk (IN)
                         net (fo=0)                   0.000     0.000    clk
    P23                  IBUF (Prop_ibuf_I_O)         0.357     0.357 r  clk_IBUF_inst/O
                         net (fo=1, routed)           0.928     1.285    clk_IBUF
    BUFGCTRL_X0Y0        BUFG (Prop_bufg_I_O)         0.030     1.315 r  clk_IBUF_BUFG_inst/O
                         net (fo=254, routed)         0.848     2.163    clk_IBUF_BUFG
    SLICE_X2Y33          FDRE                                         r  s2_reg[14]/C
                         clock pessimism             -0.524     1.639    
    SLICE_X2Y33          FDRE (Hold_fdre_C_D)         0.087     1.726    s2_reg[14]
  -------------------------------------------------------------------
                         required time                         -1.726    
                         arrival time                           1.866    
  -------------------------------------------------------------------
                         slack                                  0.140    

Slack (MET) :             0.149ns  (arrival time - required time)
  Source:                 s2_reg[3]/C
                            (rising edge-triggered cell FDRE clocked by clk  {rise@0.000ns fall@5.000ns period=10.000ns})
  Destination:            s3_reg[3]/D
                            (rising edge-triggered cell FDRE clocked by clk  {rise@0.000ns fall@5.000ns period=10.000ns})
  Path Group:             clk
  Path Type:              Hold (Min at Fast Process Corner)
  Requirement:            0.000ns  (clk rise@0.000ns - clk rise@0.000ns)
  Data Path Delay:        0.249ns  (logic 0.128ns (51.499%)  route 0.121ns (48.501%))
  Logic Levels:           1  (LUT6=1)
  Clock Path Skew:        0.013ns (DCD - SCD - CPR)
    Destination Clock Delay (DCD):    2.165ns
    Source Clock Delay      (SCD):    1.628ns
    Clock Pessimism Removal (CPR):    0.524ns

    Location             Delay type                Incr(ns)  Path(ns)    Netlist Resource(s)
  -------------------------------------------------------------------    -------------------
                         (clock clk rise edge)        0.000     0.000 r  
    P23                                               0.000     0.000 r  clk (IN)
                         net (fo=0)                   0.000     0.000    clk
    P23                  IBUF (Prop_ibuf_I_O)         0.109     0.109 r  clk_IBUF_inst/O
                         net (fo=1, routed)           0.863     0.972    clk_IBUF
    BUFGCTRL_X0Y0        BUFG (Prop_bufg_I_O)         0.026     0.998 r  clk_IBUF_BUFG_inst/O
                         net (fo=254, routed)         0.630     1.628    clk_IBUF_BUFG
    SLICE_X0Y36          FDRE                                         r  s2_reg[3]/C
  -------------------------------------------------------------------    -------------------
    SLICE_X0Y36          FDRE (Prop_fdre_C_Q)         0.100     1.728 r  s2_reg[3]/Q
                         net (fo=4, routed)           0.121     1.848    s2[3]
    SLICE_X2Y35          LUT6 (Prop_lut6_I0_O)        0.028     1.876 r  s3[3]_i_1/O
                         net (fo=1, routed)           0.000     1.876    s3[3]_i_1_n_0
    SLICE_X2Y35          FDRE                                         r  s3_reg[3]/D
  -------------------------------------------------------------------    -------------------

                         (clock clk rise edge)        0.000     0.000 r  
    P23                                               0.000     0.000 r  clk (IN)
                         net (fo=0)                   0.000     0.000    clk
    P23                  IBUF (Prop_ibuf_I_O)         0.357     0.357 r  clk_IBUF_inst/O
                         net (fo=1, routed)           0.928     1.285    clk_IBUF
    BUFGCTRL_X0Y0        BUFG (Prop_bufg_I_O)         0.030     1.315 r  clk_IBUF_BUFG_inst/O
                         net (fo=254, routed)         0.850     2.165    clk_IBUF_BUFG
    SLICE_X2Y35          FDRE                                         r  s3_reg[3]/C
                         clock pessimism             -0.524     1.641    
    SLICE_X2Y35          FDRE (Hold_fdre_C_D)         0.087     1.728    s3_reg[3]
  -------------------------------------------------------------------
                         required time                         -1.728    
                         arrival time                           1.876    
  -------------------------------------------------------------------
                         slack                                  0.149    

Slack (MET) :             0.156ns  (arrival time - required time)
  Source:                 s4_reg[12]/C
                            (rising edge-triggered cell FDRE clocked by clk  {rise@0.000ns fall@5.000ns period=10.000ns})
  Destination:            s5_reg[12]/D
                            (rising edge-triggered cell FDRE clocked by clk  {rise@0.000ns fall@5.000ns period=10.000ns})
  Path Group:             clk
  Path Type:              Hold (Min at Fast Process Corner)
  Requirement:            0.000ns  (clk rise@0.000ns - clk rise@0.000ns)
  Data Path Delay:        0.256ns  (logic 0.146ns (56.963%)  route 0.110ns (43.037%))
  Logic Levels:           1  (LUT6=1)
  Clock Path Skew:        0.013ns (DCD - SCD - CPR)
    Destination Clock Delay (DCD):    2.163ns
    Source Clock Delay      (SCD):    1.625ns
    Clock Pessimism Removal (CPR):    0.525ns

    Location             Delay type                Incr(ns)  Path(ns)    Netlist Resource(s)
  -------------------------------------------------------------------    -------------------
                         (clock clk rise edge)        0.000     0.000 r  
    P23                                               0.000     0.000 r  clk (IN)
                         net (fo=0)                   0.000     0.000    clk
    P23                  IBUF (Prop_ibuf_I_O)         0.109     0.109 r  clk_IBUF_inst/O
                         net (fo=1, routed)           0.863     0.972    clk_IBUF
    BUFGCTRL_X0Y0        BUFG (Prop_bufg_I_O)         0.026     0.998 r  clk_IBUF_BUFG_inst/O
                         net (fo=254, routed)         0.627     1.625    clk_IBUF_BUFG
    SLICE_X6Y33          FDRE                                         r  s4_reg[12]/C
  -------------------------------------------------------------------    -------------------
    SLICE_X6Y33          FDRE (Prop_fdre_C_Q)         0.118     1.743 r  s4_reg[12]/Q
                         net (fo=4, routed)           0.110     1.853    s4[12]
    SLICE_X6Y34          LUT6 (Prop_lut6_I0_O)        0.028     1.881 r  s5[12]_i_1/O
                         net (fo=1, routed)           0.000     1.881    s5[12]_i_1_n_0
    SLICE_X6Y34          FDRE                                         r  s5_reg[12]/D
  -------------------------------------------------------------------    -------------------

                         (clock clk rise edge)        0.000     0.000 r  
    P23                                               0.000     0.000 r  clk (IN)
                         net (fo=0)                   0.000     0.000    clk
    P23                  IBUF (Prop_ibuf_I_O)         0.357     0.357 r  clk_IBUF_inst/O
                         net (fo=1, routed)           0.928     1.285    clk_IBUF
    BUFGCTRL_X0Y0        BUFG (Prop_bufg_I_O)         0.030     1.315 r  clk_IBUF_BUFG_inst/O
                         net (fo=254, routed)         0.848     2.163    clk_IBUF_BUFG
    SLICE_X6Y34          FDRE                                         r  s5_reg[12]/C
                         clock pessimism             -0.525     1.638    
    SLICE_X6Y34          FDRE (Hold_fdre_C_D)         0.087     1.725    s5_reg[12]
  -------------------------------------------------------------------
                         required time                         -1.725    
                         arrival time                           1.881    
  -------------------------------------------------------------------
                         slack                                  0.156    

Slack (MET) :             0.157ns  (arrival time - required time)
  Source:                 s8_reg[15]/C
                            (rising edge-triggered cell FDRE clocked by clk  {rise@0.000ns fall@5.000ns period=10.000ns})
  Destination:            s9_reg[14]/D
                            (rising edge-triggered cell FDRE clocked by clk  {rise@0.000ns fall@5.000ns period=10.000ns})
  Path Group:             clk
  Path Type:              Hold (Min at Fast Process Corner)
  Requirement:            0.000ns  (clk rise@0.000ns - clk rise@0.000ns)
  Data Path Delay:        0.260ns  (logic 0.146ns (56.167%)  route 0.114ns (43.833%))
  Logic Levels:           1  (LUT6=1)
  Clock Path Skew:        0.016ns (DCD - SCD - CPR)
    Destination Clock Delay (DCD):    2.136ns
    Source Clock Delay      (SCD):    1.597ns
    Clock Pessimism Removal (CPR):    0.523ns

    Location             Delay type                Incr(ns)  Path(ns)    Netlist Resource(s)
  -------------------------------------------------------------------    -------------------
                         (clock clk rise edge)        0.000     0.000 r  
    P23                                               0.000     0.000 r  clk (IN)
                         net (fo=0)                   0.000     0.000    clk
    P23                  IBUF (Prop_ibuf_I_O)         0.109     0.109 r  clk_IBUF_inst/O
                         net (fo=1, routed)           0.863     0.972    clk_IBUF
    BUFGCTRL_X0Y0        BUFG (Prop_bufg_I_O)         0.026     0.998 r  clk_IBUF_BUFG_inst/O
                         net (fo=254, routed)         0.599     1.597    clk_IBUF_BUFG
    SLICE_X10Y36         FDRE                                         r  s8_reg[15]/C
  -------------------------------------------------------------------    -------------------
    SLICE_X10Y36         FDRE (Prop_fdre_C_Q)         0.118     1.715 r  s8_reg[15]/Q
                         net (fo=3, routed)           0.114     1.829    s8[15]
    SLICE_X10Y38         LUT6 (Prop_lut6_I3_O)        0.028     1.857 r  s9[14]_i_1/O
                         net (fo=1, routed)           0.000     1.857    s9[14]_i_1_n_0
    SLICE_X10Y38         FDRE                                         r  s9_reg[14]/D
  -------------------------------------------------------------------    -------------------

                         (clock clk rise edge)        0.000     0.000 r  
    P23                                               0.000     0.000 r  clk (IN)
                         net (fo=0)                   0.000     0.000    clk
    P23                  IBUF (Prop_ibuf_I_O)         0.357     0.357 r  clk_IBUF_inst/O
                         net (fo=1, routed)           0.928     1.285    clk_IBUF
    BUFGCTRL_X0Y0        BUFG (Prop_bufg_I_O)         0.030     1.315 r  clk_IBUF_BUFG_inst/O
                         net (fo=254, routed)         0.821     2.136    clk_IBUF_BUFG
    SLICE_X10Y38         FDRE                                         r  s9_reg[14]/C
                         clock pessimism             -0.523     1.613    
    SLICE_X10Y38         FDRE (Hold_fdre_C_D)         0.087     1.700    s9_reg[14]
  -------------------------------------------------------------------
                         required time                         -1.700    
                         arrival time                           1.857    
  -------------------------------------------------------------------
                         slack                                  0.157    

Slack (MET) :             0.167ns  (arrival time - required time)
  Source:                 s9_reg[1]/C
                            (rising edge-triggered cell FDRE clocked by clk  {rise@0.000ns fall@5.000ns period=10.000ns})
  Destination:            z_reg[10]/D
                            (rising edge-triggered cell FDRE clocked by clk  {rise@0.000ns fall@5.000ns period=10.000ns})
  Path Group:             clk
  Path Type:              Hold (Min at Fast Process Corner)
  Requirement:            0.000ns  (clk rise@0.000ns - clk rise@0.000ns)
  Data Path Delay:        0.265ns  (logic 0.128ns (48.280%)  route 0.137ns (51.720%))
  Logic Levels:           1  (LUT3=1)
  Clock Path Skew:        0.011ns (DCD - SCD - CPR)
    Destination Clock Delay (DCD):    2.137ns
    Source Clock Delay      (SCD):    1.599ns
    Clock Pessimism Removal (CPR):    0.527ns

    Location             Delay type                Incr(ns)  Path(ns)    Netlist Resource(s)
  -------------------------------------------------------------------    -------------------
                         (clock clk rise edge)        0.000     0.000 r  
    P23                                               0.000     0.000 r  clk (IN)
                         net (fo=0)                   0.000     0.000    clk
    P23                  IBUF (Prop_ibuf_I_O)         0.109     0.109 r  clk_IBUF_inst/O
                         net (fo=1, routed)           0.863     0.972    clk_IBUF
    BUFGCTRL_X0Y0        BUFG (Prop_bufg_I_O)         0.026     0.998 r  clk_IBUF_BUFG_inst/O
                         net (fo=254, routed)         0.601     1.599    clk_IBUF_BUFG
    SLICE_X13Y40         FDRE                                         r  s9_reg[1]/C
  -------------------------------------------------------------------    -------------------
    SLICE_X13Y40         FDRE (Prop_fdre_C_Q)         0.100     1.699 r  s9_reg[1]/Q
                         net (fo=3, routed)           0.137     1.836    s9[1]
    SLICE_X12Y40         LUT3 (Prop_lut3_I2_O)        0.028     1.864 r  z[10]_i_1/O
                         net (fo=1, routed)           0.000     1.864    s10_wire_0
    SLICE_X12Y40         FDRE                                         r  z_reg[10]/D
  -------------------------------------------------------------------    -------------------

                         (clock clk rise edge)        0.000     0.000 r  
    P23                                               0.000     0.000 r  clk (IN)
                         net (fo=0)                   0.000     0.000    clk
    P23                  IBUF (Prop_ibuf_I_O)         0.357     0.357 r  clk_IBUF_inst/O
                         net (fo=1, routed)           0.928     1.285    clk_IBUF
    BUFGCTRL_X0Y0        BUFG (Prop_bufg_I_O)         0.030     1.315 r  clk_IBUF_BUFG_inst/O
                         net (fo=254, routed)         0.822     2.137    clk_IBUF_BUFG
    SLICE_X12Y40         FDRE                                         r  z_reg[10]/C
                         clock pessimism             -0.527     1.610    
    SLICE_X12Y40         FDRE (Hold_fdre_C_D)         0.087     1.697    z_reg[10]
  -------------------------------------------------------------------
                         required time                         -1.697    
                         arrival time                           1.864    
  -------------------------------------------------------------------
                         slack                                  0.167    





Pulse Width Checks
--------------------------------------------------------------------------------------
Clock Name:         clk
Waveform(ns):       { 0.000 5.000 }
Period(ns):         10.000
Sources:            { clk }

Check Type        Corner  Lib Pin  Reference Pin  Required(ns)  Actual(ns)  Slack(ns)  Location       Pin
Min Period        n/a     BUFG/I   n/a            1.600         10.000      8.400      BUFGCTRL_X0Y0  clk_IBUF_BUFG_inst/I
Min Period        n/a     FDRE/C   n/a            0.750         10.000      9.250      SLICE_X5Y33    s2_reg[13]/C
Min Period        n/a     FDRE/C   n/a            0.750         10.000      9.250      SLICE_X2Y34    s2_reg[6]/C
Min Period        n/a     FDRE/C   n/a            0.750         10.000      9.250      SLICE_X4Y33    s3_reg[13]/C
Min Period        n/a     FDRE/C   n/a            0.750         10.000      9.250      SLICE_X2Y35    s3_reg[2]/C
Min Period        n/a     FDRE/C   n/a            0.750         10.000      9.250      SLICE_X1Y35    s3_reg[6]/C
Min Period        n/a     FDRE/C   n/a            0.750         10.000      9.250      SLICE_X5Y34    s4_reg[7]/C
Min Period        n/a     FDRE/C   n/a            0.750         10.000      9.250      SLICE_X6Y33    s4_reg[9]/C
Min Period        n/a     FDRE/C   n/a            0.750         10.000      9.250      SLICE_X12Y35   s8_reg[6]/C
Min Period        n/a     FDRE/C   n/a            0.750         10.000      9.250      SLICE_X12Y40   z_reg[11]/C
Low Pulse Width   Slow    FDRE/C   n/a            0.400         5.000       4.600      SLICE_X2Y35    s3_reg[2]/C
Low Pulse Width   Slow    FDRE/C   n/a            0.400         5.000       4.600      SLICE_X1Y35    s3_reg[6]/C
Low Pulse Width   Slow    FDRE/C   n/a            0.400         5.000       4.600      SLICE_X12Y35   s8_reg[6]/C
Low Pulse Width   Fast    FDRE/C   n/a            0.400         5.000       4.600      SLICE_X12Y40   z_reg[11]/C
Low Pulse Width   Fast    FDRE/C   n/a            0.400         5.000       4.600      SLICE_X8Y39    s10_reg[13]/C
Low Pulse Width   Fast    FDRE/C   n/a            0.400         5.000       4.600      SLICE_X3Y41    s13_reg[10]/C
Low Pulse Width   Fast    FDRE/C   n/a            0.400         5.000       4.600      SLICE_X0Y42    z_reg[25]/C
Low Pulse Width   Fast    FDRE/C   n/a            0.400         5.000       4.600      SLICE_X9Y39    s10_reg[6]/C
Low Pulse Width   Slow    FDRE/C   n/a            0.400         5.000       4.600      SLICE_X4Y38    s12_reg[6]/C
Low Pulse Width   Slow    FDRE/C   n/a            0.400         5.000       4.600      SLICE_X2Y36    s5_reg[1]/C
High Pulse Width  Slow    FDRE/C   n/a            0.350         5.000       4.650      SLICE_X8Y39    c10_reg[15]/C
High Pulse Width  Slow    FDRE/C   n/a            0.350         5.000       4.650      SLICE_X0Y31    s1_reg[10]/C
High Pulse Width  Fast    FDRE/C   n/a            0.350         5.000       4.650      SLICE_X0Y32    s1_reg[11]/C
High Pulse Width  Fast    FDRE/C   n/a            0.350         5.000       4.650      SLICE_X0Y32    s1_reg[12]/C
High Pulse Width  Fast    FDRE/C   n/a            0.350         5.000       4.650      SLICE_X2Y32    s1_reg[13]/C
High Pulse Width  Fast    FDRE/C   n/a            0.350         5.000       4.650      SLICE_X1Y33    s1_reg[14]/C
High Pulse Width  Fast    FDRE/C   n/a            0.350         5.000       4.650      SLICE_X1Y33    s1_reg[15]/C
High Pulse Width  Fast    FDRE/C   n/a            0.350         5.000       4.650      SLICE_X0Y33    s1_reg[7]/C
High Pulse Width  Fast    FDRE/C   n/a            0.350         5.000       4.650      SLICE_X3Y32    s2_reg[10]/C
High Pulse Width  Fast    FDRE/C   n/a            0.350         5.000       4.650      SLICE_X3Y32    s2_reg[11]/C



